###############################################################################
#
# IAR ELF Linker V9.30.1.335/W64 for ARM                  11/Apr/2023  16:40:39
# Copyright 2007-2022 IAR Systems AB.
#
#    Output file  =
#        C:\WorkSpace\Documentation\SC1\NXP\SDKs\IMXRT595-EVK-VGLite\Application\Project\EWARM\IMXRT595-EVK-VGLite\Exe\EmbeddedWizard-IMXRT595-EVK-VGLite.elf
#    Map file     =
#        C:\WorkSpace\Documentation\SC1\NXP\SDKs\IMXRT595-EVK-VGLite\Application\Project\EWARM\IMXRT595-EVK-VGLite\List\EmbeddedWizard-IMXRT595-EVK-VGLite.map
#    Command line =
#        -f
#        C:\WorkSpace\Documentation\SC1\NXP\SDKs\IMXRT595-EVK-VGLite\Application\Project\EWARM\IMXRT595-EVK-VGLite\Exe\EmbeddedWizard-IMXRT595-EVK-VGLite.elf.rsp
#        (C:\WorkSpace\Documentation\SC1\NXP\SDKs\IMXRT595-EVK-VGLite\Application\Project\EWARM\IMXRT595-EVK-VGLite\Obj\EmbeddedWizard\GeneratedCode\Application.o
#        C:\WorkSpace\Documentation\SC1\NXP\SDKs\IMXRT595-EVK-VGLite\Application\Project\EWARM\IMXRT595-EVK-VGLite\Obj\Application\TargetSpecific\Drivers\board.o
#        C:\WorkSpace\Documentation\SC1\NXP\SDKs\IMXRT595-EVK-VGLite\Application\Project\EWARM\IMXRT595-EVK-VGLite\Obj\Application\TargetSpecific\Drivers\clock_config.o
#        C:\WorkSpace\Documentation\SC1\NXP\SDKs\IMXRT595-EVK-VGLite\Application\Project\EWARM\IMXRT595-EVK-VGLite\Obj\EmbeddedWizard\GeneratedCode\Core.o
#        C:\WorkSpace\Documentation\SC1\NXP\SDKs\IMXRT595-EVK-VGLite\Application\Project\EWARM\IMXRT595-EVK-VGLite\Obj\Application\DeviceDriver.o
#        C:\WorkSpace\Documentation\SC1\NXP\SDKs\IMXRT595-EVK-VGLite\Application\Project\EWARM\IMXRT595-EVK-VGLite\Obj\Application\TargetSpecific\Drivers\display_support.o
#        C:\WorkSpace\Documentation\SC1\NXP\SDKs\IMXRT595-EVK-VGLite\Application\Project\EWARM\IMXRT595-EVK-VGLite\Obj\Drivers\dmb_sc1.o
#        C:\WorkSpace\Documentation\SC1\NXP\SDKs\IMXRT595-EVK-VGLite\Application\Project\EWARM\IMXRT595-EVK-VGLite\Obj\EmbeddedWizard\GeneratedCode\Effects.o
#        C:\WorkSpace\Documentation\SC1\NXP\SDKs\IMXRT595-EVK-VGLite\Application\Project\EWARM\IMXRT595-EVK-VGLite\Obj\Application\TargetSpecific\ew_bsp_clock.o
#        C:\WorkSpace\Documentation\SC1\NXP\SDKs\IMXRT595-EVK-VGLite\Application\Project\EWARM\IMXRT595-EVK-VGLite\Obj\Application\TargetSpecific\ew_bsp_console.o
#        C:\WorkSpace\Documentation\SC1\NXP\SDKs\IMXRT595-EVK-VGLite\Application\Project\EWARM\IMXRT595-EVK-VGLite\Obj\Application\TargetSpecific\ew_bsp_display.o
#        C:\WorkSpace\Documentation\SC1\NXP\SDKs\IMXRT595-EVK-VGLite\Application\Project\EWARM\IMXRT595-EVK-VGLite\Obj\Application\TargetSpecific\ew_bsp_event.o
#        C:\WorkSpace\Documentation\SC1\NXP\SDKs\IMXRT595-EVK-VGLite\Application\Project\EWARM\IMXRT595-EVK-VGLite\Obj\Application\TargetSpecific\ew_bsp_inout.o
#        C:\WorkSpace\Documentation\SC1\NXP\SDKs\IMXRT595-EVK-VGLite\Application\Project\EWARM\IMXRT595-EVK-VGLite\Obj\Application\TargetSpecific\ew_bsp_os.o
#        C:\WorkSpace\Documentation\SC1\NXP\SDKs\IMXRT595-EVK-VGLite\Application\Project\EWARM\IMXRT595-EVK-VGLite\Obj\Application\TargetSpecific\ew_bsp_system.o
#        C:\WorkSpace\Documentation\SC1\NXP\SDKs\IMXRT595-EVK-VGLite\Application\Project\EWARM\IMXRT595-EVK-VGLite\Obj\Application\TargetSpecific\ew_bsp_touch.o
#        C:\WorkSpace\Documentation\SC1\NXP\SDKs\IMXRT595-EVK-VGLite\Application\Project\EWARM\IMXRT595-EVK-VGLite\Obj\EmbeddedWizard\RTE\ewextrte.o
#        C:\WorkSpace\Documentation\SC1\NXP\SDKs\IMXRT595-EVK-VGLite\Application\Project\EWARM\IMXRT595-EVK-VGLite\Obj\Application\ewmain.o
#        C:\WorkSpace\Documentation\SC1\NXP\SDKs\IMXRT595-EVK-VGLite\Application\Project\EWARM\IMXRT595-EVK-VGLite\Obj\Application\TargetSpecific\Drivers\flash_config.o
#        C:\WorkSpace\Documentation\SC1\NXP\SDKs\IMXRT595-EVK-VGLite\Application\Project\EWARM\IMXRT595-EVK-VGLite\Obj\Drivers\fsl_adapter_usart.o
#        C:\WorkSpace\Documentation\SC1\NXP\SDKs\IMXRT595-EVK-VGLite\Application\Project\EWARM\IMXRT595-EVK-VGLite\Obj\Drivers\fsl_assert.o
#        C:\WorkSpace\Documentation\SC1\NXP\SDKs\IMXRT595-EVK-VGLite\Application\Project\EWARM\IMXRT595-EVK-VGLite\Obj\Drivers\fsl_cache.o
#        C:\WorkSpace\Documentation\SC1\NXP\SDKs\IMXRT595-EVK-VGLite\Application\Project\EWARM\IMXRT595-EVK-VGLite\Obj\Drivers\fsl_clock.o
#        C:\WorkSpace\Documentation\SC1\NXP\SDKs\IMXRT595-EVK-VGLite\Application\Project\EWARM\IMXRT595-EVK-VGLite\Obj\Drivers\fsl_common.o
#        C:\WorkSpace\Documentation\SC1\NXP\SDKs\IMXRT595-EVK-VGLite\Application\Project\EWARM\IMXRT595-EVK-VGLite\Obj\Drivers\fsl_common_arm.o
#        C:\WorkSpace\Documentation\SC1\NXP\SDKs\IMXRT595-EVK-VGLite\Application\Project\EWARM\IMXRT595-EVK-VGLite\Obj\Drivers\fsl_component_serial_manager.o
#        C:\WorkSpace\Documentation\SC1\NXP\SDKs\IMXRT595-EVK-VGLite\Application\Project\EWARM\IMXRT595-EVK-VGLite\Obj\Drivers\fsl_component_serial_port_uart.o
#        C:\WorkSpace\Documentation\SC1\NXP\SDKs\IMXRT595-EVK-VGLite\Application\Project\EWARM\IMXRT595-EVK-VGLite\Obj\Drivers\fsl_dc_fb_dsi_cmd.o
#        C:\WorkSpace\Documentation\SC1\NXP\SDKs\IMXRT595-EVK-VGLite\Application\Project\EWARM\IMXRT595-EVK-VGLite\Obj\Drivers\fsl_dc_fb_lcdif.o
#        C:\WorkSpace\Documentation\SC1\NXP\SDKs\IMXRT595-EVK-VGLite\Application\Project\EWARM\IMXRT595-EVK-VGLite\Obj\Drivers\fsl_dc_fb_ssd1963.o
#        C:\WorkSpace\Documentation\SC1\NXP\SDKs\IMXRT595-EVK-VGLite\Application\Project\EWARM\IMXRT595-EVK-VGLite\Obj\Drivers\fsl_debug_console.o
#        C:\WorkSpace\Documentation\SC1\NXP\SDKs\IMXRT595-EVK-VGLite\Application\Project\EWARM\IMXRT595-EVK-VGLite\Obj\Drivers\fsl_fbdev.o
#        C:\WorkSpace\Documentation\SC1\NXP\SDKs\IMXRT595-EVK-VGLite\Application\Project\EWARM\IMXRT595-EVK-VGLite\Obj\Drivers\fsl_flexcomm.o
#        C:\WorkSpace\Documentation\SC1\NXP\SDKs\IMXRT595-EVK-VGLite\Application\Project\EWARM\IMXRT595-EVK-VGLite\Obj\Drivers\fsl_flexio.o
#        C:\WorkSpace\Documentation\SC1\NXP\SDKs\IMXRT595-EVK-VGLite\Application\Project\EWARM\IMXRT595-EVK-VGLite\Obj\Drivers\fsl_flexio_i2c_master.o
#        C:\WorkSpace\Documentation\SC1\NXP\SDKs\IMXRT595-EVK-VGLite\Application\Project\EWARM\IMXRT595-EVK-VGLite\Obj\Drivers\fsl_flexio_mculcd.o
#        C:\WorkSpace\Documentation\SC1\NXP\SDKs\IMXRT595-EVK-VGLite\Application\Project\EWARM\IMXRT595-EVK-VGLite\Obj\Drivers\fsl_flexio_mculcd_smartdma.o
#        C:\WorkSpace\Documentation\SC1\NXP\SDKs\IMXRT595-EVK-VGLite\Application\Project\EWARM\IMXRT595-EVK-VGLite\Obj\Drivers\fsl_flexspi.o
#        C:\WorkSpace\Documentation\SC1\NXP\SDKs\IMXRT595-EVK-VGLite\Application\Project\EWARM\IMXRT595-EVK-VGLite\Obj\Drivers\fsl_ft3267.o
#        C:\WorkSpace\Documentation\SC1\NXP\SDKs\IMXRT595-EVK-VGLite\Application\Project\EWARM\IMXRT595-EVK-VGLite\Obj\Drivers\fsl_gpio.o
#        C:\WorkSpace\Documentation\SC1\NXP\SDKs\IMXRT595-EVK-VGLite\Application\Project\EWARM\IMXRT595-EVK-VGLite\Obj\Drivers\fsl_gt911.o
#        C:\WorkSpace\Documentation\SC1\NXP\SDKs\IMXRT595-EVK-VGLite\Application\Project\EWARM\IMXRT595-EVK-VGLite\Obj\Drivers\fsl_i2c.o
#        C:\WorkSpace\Documentation\SC1\NXP\SDKs\IMXRT595-EVK-VGLite\Application\Project\EWARM\IMXRT595-EVK-VGLite\Obj\Drivers\fsl_inputmux.o
#        C:\WorkSpace\Documentation\SC1\NXP\SDKs\IMXRT595-EVK-VGLite\Application\Project\EWARM\IMXRT595-EVK-VGLite\Obj\Drivers\fsl_lcdif.o
#        C:\WorkSpace\Documentation\SC1\NXP\SDKs\IMXRT595-EVK-VGLite\Application\Project\EWARM\IMXRT595-EVK-VGLite\Obj\Drivers\fsl_mipi_dsi.o
#        C:\WorkSpace\Documentation\SC1\NXP\SDKs\IMXRT595-EVK-VGLite\Application\Project\EWARM\IMXRT595-EVK-VGLite\Obj\Drivers\fsl_mipi_dsi_cmd.o
#        C:\WorkSpace\Documentation\SC1\NXP\SDKs\IMXRT595-EVK-VGLite\Application\Project\EWARM\IMXRT595-EVK-VGLite\Obj\Drivers\fsl_mipi_dsi_smartdma.o
#        C:\WorkSpace\Documentation\SC1\NXP\SDKs\IMXRT595-EVK-VGLite\Application\Project\EWARM\IMXRT595-EVK-VGLite\Obj\Drivers\fsl_power.o
#        C:\WorkSpace\Documentation\SC1\NXP\SDKs\IMXRT595-EVK-VGLite\Application\Project\EWARM\IMXRT595-EVK-VGLite\Obj\Drivers\fsl_reset.o
#        C:\WorkSpace\Documentation\SC1\NXP\SDKs\IMXRT595-EVK-VGLite\Application\Project\EWARM\IMXRT595-EVK-VGLite\Obj\Drivers\fsl_rm67162.o
#        C:\WorkSpace\Documentation\SC1\NXP\SDKs\IMXRT595-EVK-VGLite\Application\Project\EWARM\IMXRT595-EVK-VGLite\Obj\Drivers\fsl_rm68200.o
#        C:\WorkSpace\Documentation\SC1\NXP\SDKs\IMXRT595-EVK-VGLite\Application\Project\EWARM\IMXRT595-EVK-VGLite\Obj\Drivers\fsl_rtc.o
#        C:\WorkSpace\Documentation\SC1\NXP\SDKs\IMXRT595-EVK-VGLite\Application\Project\EWARM\IMXRT595-EVK-VGLite\Obj\Drivers\fsl_smartdma.o
#        C:\WorkSpace\Documentation\SC1\NXP\SDKs\IMXRT595-EVK-VGLite\Application\Project\EWARM\IMXRT595-EVK-VGLite\Obj\Drivers\fsl_ssd1963.o
#        C:\WorkSpace\Documentation\SC1\NXP\SDKs\IMXRT595-EVK-VGLite\Application\Project\EWARM\IMXRT595-EVK-VGLite\Obj\Drivers\fsl_str.o
#        C:\WorkSpace\Documentation\SC1\NXP\SDKs\IMXRT595-EVK-VGLite\Application\Project\EWARM\IMXRT595-EVK-VGLite\Obj\Drivers\fsl_usart.o
#        C:\WorkSpace\Documentation\SC1\NXP\SDKs\IMXRT595-EVK-VGLite\Application\Project\EWARM\IMXRT595-EVK-VGLite\Obj\Drivers\fsl_video_common.o
#        C:\WorkSpace\Documentation\SC1\NXP\SDKs\IMXRT595-EVK-VGLite\Application\Project\EWARM\IMXRT595-EVK-VGLite\Obj\EmbeddedWizard\GeneratedCode\Graphics.o
#        C:\WorkSpace\Documentation\SC1\NXP\SDKs\IMXRT595-EVK-VGLite\Application\Project\EWARM\IMXRT595-EVK-VGLite\Obj\FreeRTOS\heap_4.o
#        C:\WorkSpace\Documentation\SC1\NXP\SDKs\IMXRT595-EVK-VGLite\PlatformPackage\RGB565\libewgfx-m33-iar.a
#        C:\WorkSpace\Documentation\SC1\NXP\SDKs\IMXRT595-EVK-VGLite\PlatformPackage\RTE\libewrte-m33-iar.a
#        C:\WorkSpace\Documentation\SC1\NXP\SDKs\IMXRT595-EVK-VGLite\Application\Project\EWARM\IMXRT595-EVK-VGLite\Obj\FreeRTOS\list.o
#        C:\WorkSpace\Documentation\SC1\NXP\SDKs\IMXRT595-EVK-VGLite\Application\Project\EWARM\IMXRT595-EVK-VGLite\Obj\Application\main.o
#        C:\WorkSpace\Documentation\SC1\NXP\SDKs\IMXRT595-EVK-VGLite\Application\Project\EWARM\IMXRT595-EVK-VGLite\Obj\Application\TargetSpecific\Drivers\pin_mux.o
#        C:\WorkSpace\Documentation\SC1\NXP\SDKs\IMXRT595-EVK-VGLite\Application\Project\EWARM\IMXRT595-EVK-VGLite\Obj\FreeRTOS\port.o
#        C:\WorkSpace\Documentation\SC1\NXP\SDKs\IMXRT595-EVK-VGLite\Application\Project\EWARM\IMXRT595-EVK-VGLite\Obj\FreeRTOS\portasm.o
#        C:\WorkSpace\Documentation\SC1\NXP\SDKs\IMXRT595-EVK-VGLite\Application\Project\EWARM\IMXRT595-EVK-VGLite\Obj\FreeRTOS\queue.o
#        C:\WorkSpace\Documentation\SC1\NXP\SDKs\IMXRT595-EVK-VGLite\Application\Project\EWARM\IMXRT595-EVK-VGLite\Obj\EmbeddedWizard\GeneratedCode\Resources.o
#        C:\WorkSpace\Documentation\SC1\NXP\SDKs\IMXRT595-EVK-VGLite\Application\Project\EWARM\IMXRT595-EVK-VGLite\Obj\Application\startup_MIMXRT595S_cm33.o
#        C:\WorkSpace\Documentation\SC1\NXP\SDKs\IMXRT595-EVK-VGLite\Application\Project\EWARM\IMXRT595-EVK-VGLite\Obj\Application\system_MIMXRT595S_cm33.o
#        C:\WorkSpace\Documentation\SC1\NXP\SDKs\IMXRT595-EVK-VGLite\Application\Project\EWARM\IMXRT595-EVK-VGLite\Obj\FreeRTOS\tasks.o
#        C:\WorkSpace\Documentation\SC1\NXP\SDKs\IMXRT595-EVK-VGLite\Application\Project\EWARM\IMXRT595-EVK-VGLite\Obj\FreeRTOS\timers.o
#        C:\WorkSpace\Documentation\SC1\NXP\SDKs\IMXRT595-EVK-VGLite\Application\Project\EWARM\IMXRT595-EVK-VGLite\Obj\Drivers\vglite\vg_lite.o
#        C:\WorkSpace\Documentation\SC1\NXP\SDKs\IMXRT595-EVK-VGLite\Application\Project\EWARM\IMXRT595-EVK-VGLite\Obj\Application\vg_lite_hal.o
#        C:\WorkSpace\Documentation\SC1\NXP\SDKs\IMXRT595-EVK-VGLite\Application\Project\EWARM\IMXRT595-EVK-VGLite\Obj\Drivers\vglite\vg_lite_image.o
#        C:\WorkSpace\Documentation\SC1\NXP\SDKs\IMXRT595-EVK-VGLite\Application\Project\EWARM\IMXRT595-EVK-VGLite\Obj\Drivers\vglite\vg_lite_kernel.o
#        C:\WorkSpace\Documentation\SC1\NXP\SDKs\IMXRT595-EVK-VGLite\Application\Project\EWARM\IMXRT595-EVK-VGLite\Obj\Drivers\vglite\vg_lite_matrix.o
#        C:\WorkSpace\Documentation\SC1\NXP\SDKs\IMXRT595-EVK-VGLite\Application\Project\EWARM\IMXRT595-EVK-VGLite\Obj\Drivers\vglite\vg_lite_os.o
#        C:\WorkSpace\Documentation\SC1\NXP\SDKs\IMXRT595-EVK-VGLite\Application\Project\EWARM\IMXRT595-EVK-VGLite\Obj\Drivers\vglite\vg_lite_path.o
#        C:\WorkSpace\Documentation\SC1\NXP\SDKs\IMXRT595-EVK-VGLite\Application\Project\EWARM\IMXRT595-EVK-VGLite\Obj\Application\TargetSpecific\Drivers\vglite_support.o
#        C:\WorkSpace\Documentation\SC1\NXP\SDKs\IMXRT595-EVK-VGLite\Application\Project\EWARM\IMXRT595-EVK-VGLite\Obj\EmbeddedWizard\GeneratedCode\Views.o
#        --no_out_extension -o
#        C:\WorkSpace\Documentation\SC1\NXP\SDKs\IMXRT595-EVK-VGLite\Application\Project\EWARM\IMXRT595-EVK-VGLite\Exe\EmbeddedWizard-IMXRT595-EVK-VGLite.elf
#        --map
#        C:\WorkSpace\Documentation\SC1\NXP\SDKs\IMXRT595-EVK-VGLite\Application\Project\EWARM\IMXRT595-EVK-VGLite\List\EmbeddedWizard-IMXRT595-EVK-VGLite.map
#        --config
#        C:\WorkSpace\Documentation\SC1\NXP\SDKs\IMXRT595-EVK-VGLite\Application\Project\EWARM\MIMXRT595Sxxxx_cm33_flash.icf
#        --semihosting --entry __iar_program_start --vfe --text_out locale
#        --cpu=Cortex-M33.no_se --fpu=VFPv5_sp)
#
###############################################################################

*******************************************************************************
*** RUNTIME MODEL ATTRIBUTES
***

CppFlavor                   = *
__CPP_Runtime               = 1
__Heap_Handler              = DLMalloc
__SystemLibrary             = DLib
__dlib_jmp_buf_num_elements = 16
__dlib_version              = 6


*******************************************************************************
*** HEAP SELECTION
***

The advanced heap was selected because the application calls
memory allocation functions outside of system library functions,
there are calls to deallocation functions in the application, and
the application appears to be primarily optimized for speed.


*******************************************************************************
*** PLACEMENT SUMMARY
***

"A0":  place at address 0x800'0400 { ro section .flash_conf };
"A1":  place at address 0x800'1000 { ro section .intvec };
define block RO { ro };
"P1":  place in [from 0x800'1000 to 0x800'117f] |
                [from 0x800'1180 to 0x81f'ffff] { block RO };
"P3":  place in [from 0x2008'0000 to 0x204f'dfff] {
          section CodeQuickAccess, section DataQuickAccess };
define block RW { rw };
"P4":  place in [from 0x2008'0000 to 0x204f'dfff] { block RW };
define block ZI { zi };
"P5":  place in [from 0x2008'0000 to 0x204f'dfff] { block ZI };
define block HEAP with size = 512, alignment = 8 { };
"P6":  place in [from 0x2008'0000 to 0x204f'dfff] { last block HEAP };
define block CSTACK with size = 8K, alignment = 8 { };
"P7":  place in [from 0x204f'e000 to 0x204f'ffff] { block CSTACK };
initialize by copy {
   rw, section .textrw, section CodeQuickAccess, section DataQuickAccess };
keep { section .flash_conf };

No sections matched the following patterns:

  section m_interrupts_ram  in "P2"
  section m_usb_bdt         in "P8"
  section m_usb_global      in "P9"


  Section                 Kind         Address       Size  Object
  -------                 ----         -------       ----  ------
"A0":                                               0x200
  .flash_conf             const     0x800'0400      0x200  flash_config.o [3]
                                  - 0x800'0600      0x200

"A1":                                               0x168
  .intvec                 ro code   0x800'1000      0x168  startup_MIMXRT595S_cm33.o [1]
                                  - 0x800'1168      0x168

"P1":                                            0x3'eefb
  RO                                0x800'1180   0x3'eefb  <Block>
    .crp                  ro code   0x800'1180        0x4  startup_MIMXRT595S_cm33.o [1]
    .rodata               const     0x800'1184       0x1c  Application.o [6]
    .rodata               const     0x800'11a0       0x18  Application.o [6]
    .rodata               const     0x800'11b8       0x10  Application.o [6]
    .rodata               const     0x800'11c8       0x18  Application.o [6]
    .rodata               const     0x800'11e0       0xc4  Application.o [6]
    .rodata               const     0x800'12a4        0x8  Application.o [6]
    .rodata               const     0x800'12ac       0x74  Application.o [6]
    .rodata               const     0x800'1320       0x30  Application.o [6]
    .rodata               const     0x800'1350      0xc10  Application.o [6]
    .rodata               const     0x800'1f60     0x435c  Application.o [6]
    .rodata               const     0x800'62bc      0x174  Application.o [6]
    .rodata               const     0x800'6430       0x5c  Application.o [6]
    .rodata               const     0x800'648c        0x8  Application.o [6]
    .rodata               const     0x800'6494       0x18  Application.o [6]
    .rodata               const     0x800'64ac       0x34  Application.o [6]
    .rodata               const     0x800'64e0      0x71c  Application.o [6]
    .rodata               const     0x800'6bfc        0x4  Application.o [6]
    .rodata               const     0x800'6c00        0x8  Application.o [6]
    .rodata               const     0x800'6c08       0x30  Application.o [6]
    .rodata               const     0x800'6c38      0xc10  Application.o [6]
    .rodata               const     0x800'7848     0x2398  Application.o [6]
    .rodata               const     0x800'9be0      0x120  Application.o [6]
    .rodata               const     0x800'9d00       0x48  Application.o [6]
    .rodata               const     0x800'9d48        0x8  Application.o [6]
    .rodata               const     0x800'9d50      0x100  board.o [3]
    .rodata               const     0x800'9e50        0xc  Core.o [6]
    .rodata               const     0x800'9e5c       0x10  Core.o [6]
    .rodata               const     0x800'9e6c       0x10  Core.o [6]
    .rodata               const     0x800'9e7c        0xc  Core.o [6]
    .rodata               const     0x800'9e88        0xc  Core.o [6]
    .rodata               const     0x800'9e94        0xc  Core.o [6]
    .rodata               const     0x800'9ea0       0x10  Core.o [6]
    .rodata               const     0x800'9eb0       0x18  Core.o [6]
    .rodata               const     0x800'9ec8       0x14  Core.o [6]
    .rodata               const     0x800'9edc       0x10  Core.o [6]
    .rodata               const     0x800'9eec       0x10  Core.o [6]
    .rodata               const     0x800'9efc       0x1c  Core.o [6]
    .rodata               const     0x800'9f18       0x18  Core.o [6]
    .rodata               const     0x800'9f30       0x10  Core.o [6]
    .rodata               const     0x800'9f40       0x14  Core.o [6]
    .rodata               const     0x800'9f54       0x18  Core.o [6]
    .rodata               const     0x800'9f6c       0x10  Core.o [6]
    .rodata               const     0x800'9f7c        0xc  Core.o [6]
    .rodata               const     0x800'9f88       0x38  Core.o [6]
    .rodata               const     0x800'9fc0       0x9c  Core.o [6]
    .rodata               const     0x800'a05c      0x100  Core.o [6]
    .rodata               const     0x800'a15c        0x8  Core.o [6]
    .rodata               const     0x800'a164        0x4  Core.o [6]
    .rodata               const     0x800'a168        0x8  Core.o [6]
    .rodata               const     0x800'a170       0xd8  Core.o [6]
    .rodata               const     0x800'a248        0x8  Core.o [6]
    .rodata               const     0x800'a250       0x60  Core.o [6]
    .rodata               const     0x800'a2b0        0x8  Core.o [6]
    .rodata               const     0x800'a2b8       0x64  Core.o [6]
    .rodata               const     0x800'a31c        0x8  Core.o [6]
    .rodata               const     0x800'a324       0x74  Core.o [6]
    .rodata               const     0x800'a398        0x8  Core.o [6]
    .rodata               const     0x800'a3a0       0x74  Core.o [6]
    .rodata               const     0x800'a414        0x8  Core.o [6]
    .rodata               const     0x800'a41c       0x3c  Core.o [6]
    .rodata               const     0x800'a458        0x8  Core.o [6]
    .rodata               const     0x800'a460        0x8  Core.o [6]
    .rodata               const     0x800'a468       0x3c  Core.o [6]
    .rodata               const     0x800'a4a4        0x8  Core.o [6]
    .rodata               const     0x800'a4ac       0x78  Core.o [6]
    .rodata               const     0x800'a524        0x8  Core.o [6]
    .rodata               const     0x800'a52c        0x8  Core.o [6]
    .rodata               const     0x800'a534       0x64  Core.o [6]
    .rodata               const     0x800'a598        0x8  Core.o [6]
    .rodata               const     0x800'a5a0       0x60  Core.o [6]
    .rodata               const     0x800'a600        0x8  Core.o [6]
    .rodata               const     0x800'a608        0x8  Core.o [6]
    .rodata               const     0x800'a610        0x8  Core.o [6]
    .rodata               const     0x800'a618       0x3c  Core.o [6]
    .rodata               const     0x800'a654        0x8  Core.o [6]
    .rodata               const     0x800'a65c       0x3c  Core.o [6]
    .rodata               const     0x800'a698        0x8  Core.o [6]
    .rodata               const     0x800'a6a0       0x3c  Core.o [6]
    .rodata               const     0x800'a6dc        0x8  Core.o [6]
    .rodata               const     0x800'a6e4       0x40  Core.o [6]
    .rodata               const     0x800'a724        0xc  display_support.o [3]
    .rodata               const     0x800'a730       0x1c  display_support.o [3]
    .rodata               const     0x800'a74c       0x10  dmb_sc1.o [4]
    .rodata               const     0x800'a75c       0x1c  Effects.o [6]
    .rodata               const     0x800'a778        0x8  Effects.o [6]
    .rodata               const     0x800'a780       0x40  Effects.o [6]
    .rodata               const     0x800'a7c0        0x4  Effects.o [6]
    .rodata               const     0x800'a7c4        0x8  Effects.o [6]
    .rodata               const     0x800'a7cc        0xc  Effects.o [6]
    .rodata               const     0x800'a7d8       0xd4  ew_bsp_display.o [2]
    .rodata               const     0x800'a8ac       0x24  ew_bsp_touch.o [2]
    .rodata               const     0x800'a8d0       0x28  ew_bsp_touch.o [2]
    .rodata               const     0x800'a8f8       0x34  ew_bsp_touch.o [2]
    .rodata               const     0x800'a92c      0x150  ewmain.o [1]
    .rodata               const     0x800'aa7c       0xf0  ewmain.o [1]
    .rodata               const     0x800'ab6c      0x798  ewmain.o [1]
    .rodata               const     0x800'b304       0x38  fsl_adapter_usart.o [4]
    .rodata               const     0x800'b33c       0x24  fsl_dc_fb_lcdif.o [4]
    .rodata               const     0x800'b360       0x44  fsl_flexcomm.o [4]
    .rodata               const     0x800'b3a4       0x48  fsl_flexcomm.o [4]
    .rodata               const     0x800'b3ec       0x14  Graphics.o [6]
    .rodata               const     0x800'b400      0x130  Graphics.o [6]
    .rodata               const     0x800'b530        0x8  Graphics.o [6]
    .rodata               const     0x800'b538       0x44  Graphics.o [6]
    .rodata               const     0x800'b57c       0x14  Resources.o [6]
    .rodata               const     0x800'b590       0x10  Resources.o [6]
    .rodata               const     0x800'b5a0       0x58  Resources.o [6]
    .rodata               const     0x800'b5f8        0x8  Resources.o [6]
    .rodata               const     0x800'b600       0x44  Resources.o [6]
    .rodata               const     0x800'b644        0x8  Resources.o [6]
    .rodata               const     0x800'b64c       0x3c  Resources.o [6]
    .rodata               const     0x800'b688       0x14  Views.o [6]
    .rodata               const     0x800'b69c       0x10  Views.o [6]
    .rodata               const     0x800'b6ac        0xc  Views.o [6]
    .rodata               const     0x800'b6b8        0x8  Views.o [6]
    .rodata               const     0x800'b6c0       0x64  Views.o [6]
    .rodata               const     0x800'b724        0x8  Views.o [6]
    .rodata               const     0x800'b72c       0x64  Views.o [6]
    .rodata               const     0x800'b790        0x8  Views.o [6]
    .rodata               const     0x800'b798       0x64  Views.o [6]
    .rodata               const     0x800'b7fc       0x28  ewstring.o [11]
    .rodata               const     0x800'b824        0x8  ewobject.o [11]
    .rodata               const     0x800'b82c       0x38  ewobject.o [11]
    .rodata               const     0x800'b864      0xe58  ewgfx.o [10]
    .rodata               const     0x800'c6bc       0x54  ewdebug.o [11]
    .rodata               const     0x800'c710       0x58  ewdebug.o [11]
    .rodata               const     0x800'c768       0x64  ewdebug.o [11]
    .rodata               const     0x800'c7cc       0x70  ewdebug.o [11]
    .rodata               const     0x800'c83c       0x6c  ewdebug.o [11]
    .rodata               const     0x800'c8a8       0x6c  ewdebug.o [11]
    .rodata               const     0x800'c914       0x30  ewdebug.o [11]
    .rodata               const     0x800'c944       0x84  ewgfxcore.o [10]
    .rodata               const     0x800'c9c8        0x4  ewextpxl_RGB565.o [10]
    .rodata               const     0x800'c9cc      0x480  ewgfxtasks.o [10]
    .rodata               const     0x800'ce4c       0x3c  ewgfxtasks.o [10]
    .rodata               const     0x800'ce88       0x44  ewgfxtasks.o [10]
    .rodata               const     0x800'cecc      0x104  ewgfxtasks.o [10]
    .rodata               const     0x800'cfd0      0x104  ewgfxtasks.o [10]
    .rodata               const     0x800'd0d4      0x104  ewgfxtasks.o [10]
    .rodata               const     0x800'd1d8      0x1fc  ewgfxtasks.o [10]
    .rodata               const     0x800'd3d4      0x1fc  ewgfxtasks.o [10]
    .rodata               const     0x800'd5d0      0x204  ewgfxtasks.o [10]
    .rodata               const     0x800'd7d4       0xcc  ewgfxtasks.o [10]
    .rodata               const     0x800'd8a0      0x184  ewgfxtasks.o [10]
    .rodata               const     0x800'da24       0xc4  ewgfxtasks.o [10]
    .rodata               const     0x800'dae8      0xce4  ewgfxbidi.o [10]
    .rodata               const     0x800'e7cc      0x5b0  ewgfxbidi.o [10]
    .rodata               const     0x800'ed7c      0x280  ewgfxbidi.o [10]
    .rodata               const     0x800'effc       0xd8  ewextgfx.o [10]
    .rodata               const     0x800'f0d4       0x24  ewextgfx.o [10]
    .rodata               const     0x800'f0f8      0x124  ewextgfx.o [10]
    .rodata               const     0x800'f21c      0x200  ewextgfx.o [10]
    .rodata               const     0x800'f41c      0x124  ewextgfx.o [10]
    .rodata               const     0x800'f540       0xf0  ewextgfx.o [10]
    .text                 ro code   0x800'f630      0x534  Application.o [6]
    .text                 ro code   0x800'fb64     0x5188  Core.o [6]
    .text                 ro code   0x801'4cec     0x1210  Views.o [6]
    .text                 ro code   0x801'5efc      0xcd4  ewstring.o [11]
    .text                 ro code   0x801'6bd0      0x528  ewslot.o [11]
    .text                 ro code   0x801'70f8      0x54c  ewresource.o [11]
    .text                 ro code   0x801'7644      0x380  ewrect.o [11]
    .text                 ro code   0x801'79c4       0x82  ewpoint.o [11]
    .rodata               const     0x801'7a46        0x2  Application.o [6]
    .text                 ro code   0x801'7a48      0x958  ewdebug.o [11]
    .text                 ro code   0x801'83a0       0xc0  ewextrte.o [7]
    .text                 ro code   0x801'8460      0x710  ewobject.o [11]
    .text                 ro code   0x801'8b70       0xa6  ABImemcpy.o [13]
    .text                 ro code   0x801'8c16        0x2  startup_MIMXRT595S_cm33.o [1]
    .text                 ro code   0x801'8c18        0x6  ABImemclr4.o [13]
    .text                 ro code   0x801'8c1e       0x14  memset.o [13]
    .text                 ro code   0x801'8c32        0x2  startup_MIMXRT595S_cm33.o [1]
    .text                 ro code   0x801'8c34       0x60  ewscalars.o [11]
    .text                 ro code   0x801'8c94      0x548  Graphics.o [6]
    .text                 ro code   0x801'91dc     0x362e  ewgfx.o [10]
    .text                 ro code   0x801'c80a        0x2  startup_MIMXRT595S_cm33.o [1]
    .text                 ro code   0x801'c80c      0x394  ewtimer.o [11]
    .text                 ro code   0x801'cba0       0x60  ewcolor.o [11]
    .text                 ro code   0x801'cc00      0x1f4  Resources.o [6]
    .text                 ro code   0x801'cdf4      0x230  I64DivMod.o [13]
    .text                 ro code   0x801'd024       0x68  DblToFlt.o [12]
    .text                 ro code   0x801'd08c       0x48  FltToDbl.o [12]
    .text                 ro code   0x801'd0d4      0x9fc  ewheap.o [11]
    .text                 ro code   0x801'dad0        0x8  ew_bsp_console.o [2]
    .text                 ro code   0x801'dad8       0x68  ew_bsp_os.o [2]
    .text                 ro code   0x801'db40      0x124  ew_bsp_clock.o [2]
    .text                 ro code   0x801'dc64       0x66  ABImemset.o [13]
    .text                 ro code   0x801'dcca        0x2  startup_MIMXRT595S_cm33.o [1]
    .text                 ro code   0x801'dccc       0x96  ABImemmove.o [13]
    .text                 ro code   0x801'dd62        0x2  startup_MIMXRT595S_cm33.o [1]
    .text                 ro code   0x801'dd64       0x1e  sqrtf.o [12]
    .text                 ro code   0x801'dd82        0x2  startup_MIMXRT595S_cm33.o [1]
    .text                 ro code   0x801'dd84       0xa4  rand.o [9]
    .text                 ro code   0x801'de28     0x1600  ewgfxcore.o [10]
    .text                 ro code   0x801'f428       0x3a  ABImemset48.o [13]
    .text                 ro code   0x801'f462        0x2  startup_MIMXRT595S_cm33.o [1]
    .text                 ro code   0x801'f464     0x905c  ewextpxl_RGB565.o [10]
    .text                 ro code   0x802'84c0     0x18b4  ewextgfx.o [10]
    .text                 ro code   0x802'9d74      0x454  ewextbmp_RGB565.o [10]
    .text                 ro code   0x802'a1c8      0x844  ewextfnt.o [10]
    .text                 ro code   0x802'aa0c     0x1548  ewgfxbidi.o [10]
    .text                 ro code   0x802'bf54      0x7a6  ewgfxattrtext.o [10]
    .text                 ro code   0x802'c6fa       0x7e  lz77_init_single.o [13]
    .text                 ro code   0x802'c778     0x3120  ewgfxtasks.o [10]
    .text                 ro code   0x802'f898        0x2  I64DivZer.o [13]
    .text                 ro code   0x802'f89c       0xec  fsl_debug_console.o [4]
    .text                 ro code   0x802'f988      0x940  tasks.o [8]
    .text                 ro code   0x803'02c8     0x1648  fsl_clock.o [4]
    .text                 ro code   0x803'1910       0x86  fsl_rtc.o [4]
    .text                 ro code   0x803'1998       0x18  errno.o [9]
    .text                 ro code   0x803'19b0     0x2aa2  ewgfxdriver.o [10]
    .text                 ro code   0x803'4454     0x4082  vg_lite.o [5]
    .text                 ro code   0x803'84d8      0x174  ew_bsp_display.o [2]
    .text                 ro code   0x803'864c      0x1f4  fsl_cache.o [4]
    .text                 ro code   0x803'8840       0xb8  fsl_component_serial_manager.o [4]
    .text                 ro code   0x803'88f8      0x1d4  heap_4.o [8]
    privileged_functions  ro code   0x803'8acc       0xd0  portasm.o [8]
    .text                 ro code   0x803'8b9c       0x92  list.o [8]
    .text                 ro code   0x803'8c30      0x15c  port.o [8]
    .text                 ro code   0x803'8d8c      0x398  timers.o [8]
    .text                 ro code   0x803'9124       0x30  fsl_common_arm.o [4]
    .text                 ro code   0x803'9154        0x4  tp_nothreads.o [9]
    .text                 ro code   0x803'9158      0x3e4  vg_lite_os.o [5]
    .text                 ro code   0x803'953c      0x65c  vg_lite_kernel.o [5]
    .text                 ro code   0x803'9b98        0x4  heaptramp0.o [9]
    .text                 ro code   0x803'9b9c       0x68  memcmp.o [13]
    .text                 ro code   0x803'9c04     0x14d4  dlmalloc.o [9]
    .text                 ro code   0x803'b0d8      0x134  vglite_support.o [3]
    .text                 ro code   0x803'b20c      0x2f4  display_support.o [3]
    .text                 ro code   0x803'b500      0x1d8  fsl_fbdev.o [4]
    .text                 ro code   0x803'b6d8        0x8  fsl_component_serial_port_uart.o [4]
    .text                 ro code   0x803'b6e0       0x28  port.o [8]
    .text                 ro code   0x803'b708      0x84e  queue.o [8]
    .text                 ro code   0x803'bf58      0x2f8  vg_lite_hal.o [1]
    .text                 ro code   0x803'c250        0x2  vg_lite_os.o [5]
    .text                 ro code   0x803'c252        0x6  abort.o [9]
    .text                 ro code   0x803'c258       0x2c  xgetmemchunk.o [9]
    .text                 ro code   0x803'c284       0x68  fsl_power.o [4]
    .text                 ro code   0x803'c2ec       0xe4  fsl_reset.o [4]
    .text                 ro code   0x803'c3d0      0x62e  fsl_mipi_dsi.o [4]
    .text                 ro code   0x803'ca00      0x154  fsl_gpio.o [4]
    .text                 ro code   0x803'cb54      0x245  dmb_sc1.o [4]
    .text                 ro code   0x803'cd9c      0x244  fsl_dc_fb_lcdif.o [4]
    .text                 ro code   0x803'cfe0       0x3e  fsl_video_common.o [4]
    .text                 ro code   0x803'd020       0xd8  fsl_adapter_usart.o [4]
    .text                 ro code   0x803'd0f8       0x14  exit.o [14]
    .text                 ro code   0x803'd10c       0xd6  fsl_mipi_dsi_cmd.o [4]
    .text                 ro code   0x803'd1e4      0x22a  fsl_lcdif.o [4]
    .text                 ro code   0x803'd410      0x242  fsl_usart.o [4]
    .text                 ro code   0x803'd654      0x3c0  fsl_flexcomm.o [4]
    Veneer                ro code   0x803'da14        0x8  - Linker created -
    .text                 ro code   0x803'da1c      0x294  board.o [3]
    .text                 ro code   0x803'dcb0      0x718  fsl_flexspi.o [4]
    .text                 ro code   0x803'e3c8      0x2a4  fsl_i2c.o [4]
    .text                 ro code   0x803'e66c      0x130  clock_config.o [3]
    .text                 ro code   0x803'e79c       0x4e  Effects.o [6]
    .text                 ro code   0x803'e7ec       0x38  ew_bsp_event.o [2]
    .text                 ro code   0x803'e824       0x5e  ew_bsp_system.o [2]
    .text                 ro code   0x803'e882      0x190  pin_mux.o [3]
    .text                 ro code   0x803'ea14      0x1ee  ew_bsp_touch.o [2]
    .text                 ro code   0x803'ec02       0xc2  fsl_ft3267.o [4]
    .text                 ro code   0x803'ecc4      0x794  ewmain.o [1]
    .text                 ro code   0x803'f458      0x2fc  ewinvocations.o [11]
    .text                 ro code   0x803'f754        0x8  DeviceDriver.o [1]
    .text                 ro code   0x803'f75c       0x2a  fsl_flexio.o [4]
    .text                 ro code   0x803'f788       0x16  fsl_smartdma.o [4]
    .text                 ro code   0x803'f7a0       0x54  main.o [1]
    .text                 ro code   0x803'f7f4       0x34  startup_MIMXRT595S_cm33.o [1]
    .text                 ro code   0x803'f828        0x8  startup_MIMXRT595S_cm33.o [1]
    .text                 ro code   0x803'f830        0x8  startup_MIMXRT595S_cm33.o [1]
    .text                 ro code   0x803'f838        0x8  startup_MIMXRT595S_cm33.o [1]
    .text                 ro code   0x803'f840        0x8  startup_MIMXRT595S_cm33.o [1]
    .text                 ro code   0x803'f848        0x8  startup_MIMXRT595S_cm33.o [1]
    .text                 ro code   0x803'f850        0x8  startup_MIMXRT595S_cm33.o [1]
    .text                 ro code   0x803'f858        0x8  startup_MIMXRT595S_cm33.o [1]
    .text                 ro code   0x803'f860        0x8  startup_MIMXRT595S_cm33.o [1]
    .text                 ro code   0x803'f868        0x8  startup_MIMXRT595S_cm33.o [1]
    .text                 ro code   0x803'f870        0x8  startup_MIMXRT595S_cm33.o [1]
    .text                 ro code   0x803'f878        0x8  startup_MIMXRT595S_cm33.o [1]
    .text                 ro code   0x803'f880        0x8  startup_MIMXRT595S_cm33.o [1]
    .text                 ro code   0x803'f888        0x8  startup_MIMXRT595S_cm33.o [1]
    .text                 ro code   0x803'f890        0x8  startup_MIMXRT595S_cm33.o [1]
    .text                 ro code   0x803'f898        0x8  startup_MIMXRT595S_cm33.o [1]
    .text                 ro code   0x803'f8a0        0x8  startup_MIMXRT595S_cm33.o [1]
    .text                 ro code   0x803'f8a8        0x8  startup_MIMXRT595S_cm33.o [1]
    .text                 ro code   0x803'f8b0        0x8  startup_MIMXRT595S_cm33.o [1]
    .text                 ro code   0x803'f8b8        0x8  startup_MIMXRT595S_cm33.o [1]
    .text                 ro code   0x803'f8c0        0x8  startup_MIMXRT595S_cm33.o [1]
    .text                 ro code   0x803'f8c8        0x8  startup_MIMXRT595S_cm33.o [1]
    .text                 ro code   0x803'f8d0        0x8  startup_MIMXRT595S_cm33.o [1]
    .text                 ro code   0x803'f8d8        0x8  startup_MIMXRT595S_cm33.o [1]
    .text                 ro code   0x803'f8e0        0x8  startup_MIMXRT595S_cm33.o [1]
    .text                 ro code   0x803'f8e8        0x8  startup_MIMXRT595S_cm33.o [1]
    .text                 ro code   0x803'f8f0        0x8  startup_MIMXRT595S_cm33.o [1]
    .text                 ro code   0x803'f8f8        0x8  startup_MIMXRT595S_cm33.o [1]
    .text                 ro code   0x803'f900        0x8  startup_MIMXRT595S_cm33.o [1]
    .text                 ro code   0x803'f908        0x8  startup_MIMXRT595S_cm33.o [1]
    .text                 ro code   0x803'f910        0x8  startup_MIMXRT595S_cm33.o [1]
    .text                 ro code   0x803'f918        0x8  startup_MIMXRT595S_cm33.o [1]
    .text                 ro code   0x803'f920        0x8  startup_MIMXRT595S_cm33.o [1]
    .text                 ro code   0x803'f928        0x8  startup_MIMXRT595S_cm33.o [1]
    .text                 ro code   0x803'f930        0x8  startup_MIMXRT595S_cm33.o [1]
    .text                 ro code   0x803'f938        0x8  startup_MIMXRT595S_cm33.o [1]
    .text                 ro code   0x803'f940        0x8  startup_MIMXRT595S_cm33.o [1]
    .text                 ro code   0x803'f948        0x8  startup_MIMXRT595S_cm33.o [1]
    .text                 ro code   0x803'f950        0x8  startup_MIMXRT595S_cm33.o [1]
    .text                 ro code   0x803'f958        0x8  startup_MIMXRT595S_cm33.o [1]
    .text                 ro code   0x803'f960        0x8  startup_MIMXRT595S_cm33.o [1]
    .text                 ro code   0x803'f968        0x8  startup_MIMXRT595S_cm33.o [1]
    .text                 ro code   0x803'f970        0x8  startup_MIMXRT595S_cm33.o [1]
    .text                 ro code   0x803'f978        0x8  startup_MIMXRT595S_cm33.o [1]
    .text                 ro code   0x803'f980        0x8  startup_MIMXRT595S_cm33.o [1]
    .text                 ro code   0x803'f988        0x8  startup_MIMXRT595S_cm33.o [1]
    .text                 ro code   0x803'f990        0x8  startup_MIMXRT595S_cm33.o [1]
    .text                 ro code   0x803'f998        0x8  startup_MIMXRT595S_cm33.o [1]
    .text                 ro code   0x803'f9a0        0x8  startup_MIMXRT595S_cm33.o [1]
    .text                 ro code   0x803'f9a8        0x8  startup_MIMXRT595S_cm33.o [1]
    .text                 ro code   0x803'f9b0        0x8  startup_MIMXRT595S_cm33.o [1]
    .text                 ro code   0x803'f9b8        0x8  startup_MIMXRT595S_cm33.o [1]
    .text                 ro code   0x803'f9c0        0x8  startup_MIMXRT595S_cm33.o [1]
    .text                 ro code   0x803'f9c8        0x8  startup_MIMXRT595S_cm33.o [1]
    .text                 ro code   0x803'f9d0        0x8  startup_MIMXRT595S_cm33.o [1]
    .text                 ro code   0x803'f9d8        0x8  startup_MIMXRT595S_cm33.o [1]
    .text                 ro code   0x803'f9e0        0x8  startup_MIMXRT595S_cm33.o [1]
    .text                 ro code   0x803'f9e8        0x8  startup_MIMXRT595S_cm33.o [1]
    .text                 ro code   0x803'f9f0        0x8  startup_MIMXRT595S_cm33.o [1]
    .text                 ro code   0x803'f9f8        0x8  startup_MIMXRT595S_cm33.o [1]
    .text                 ro code   0x803'fa00        0x8  startup_MIMXRT595S_cm33.o [1]
    .text                 ro code   0x803'fa08        0x8  startup_MIMXRT595S_cm33.o [1]
    .text                 ro code   0x803'fa10        0x8  startup_MIMXRT595S_cm33.o [1]
    .text                 ro code   0x803'fa18        0x8  startup_MIMXRT595S_cm33.o [1]
    .text                 ro code   0x803'fa20        0x8  startup_MIMXRT595S_cm33.o [1]
    .text                 ro code   0x803'fa28        0x8  startup_MIMXRT595S_cm33.o [1]
    .text                 ro code   0x803'fa30        0x8  startup_MIMXRT595S_cm33.o [1]
    .text                 ro code   0x803'fa38        0x8  startup_MIMXRT595S_cm33.o [1]
    .text                 ro code   0x803'fa40        0x8  startup_MIMXRT595S_cm33.o [1]
    .text                 ro code   0x803'fa48        0x8  startup_MIMXRT595S_cm33.o [1]
    .text                 ro code   0x803'fa50        0x8  startup_MIMXRT595S_cm33.o [1]
    .text                 ro code   0x803'fa58        0x8  startup_MIMXRT595S_cm33.o [1]
    .text                 ro code   0x803'fa60        0x8  startup_MIMXRT595S_cm33.o [1]
    .text                 ro code   0x803'fa68        0xc  startup_MIMXRT595S_cm33.o [1]
    .text                 ro code   0x803'fa74      0x2b0  system_MIMXRT595S_cm33.o [1]
    .text                 ro code   0x803'fd24       0x98  system_MIMXRT595S_cm33.o [1]
    .text                 ro code   0x803'fdbc        0x2  system_MIMXRT595S_cm33.o [1]
    .text                 ro code   0x803'fdc0       0x1c  cstartup_M.o [13]
    .text                 ro code   0x803'fddc       0x22  fpinit_M.o [12]
    .text                 ro code   0x803'fe00       0x1e  cmain.o [13]
    .text                 ro code   0x803'fe1e        0x4  low_level_init.o [9]
    .text                 ro code   0x803'fe24       0x28  data_init.o [13]
    .text                 ro code   0x803'fe4c        0x4  exit.o [9]
    .text                 ro code   0x803'fe50        0xa  cexit.o [13]
    .text                 ro code   0x803'fe5a       0x38  zero_init3.o [13]
    .iar.init_table       const     0x803'fe94       0x38  - Linker created -
    .rodata               const     0x803'fecc        0x0  zero_init3.o [13]
    .rodata               const     0x803'fecc        0x0  lz77_init_single.o [13]
    Initializer bytes     const     0x803'fecc       0x9e  <for RW-1>
    Initializer bytes     const     0x803'ff6a      0x111  <for P3-P5-1>
                                  - 0x804'007b   0x3'eefb

"P3-P5", part 1 of 3:                               0x4b8
  RW                               0x2008'0000      0x37c  <Block>
    RW-1                           0x2008'0000      0x37c  <Init block>
      .data               inited   0x2008'0000       0x14  display_support.o [3]
      .data               inited   0x2008'0014       0x10  display_support.o [3]
      .data               inited   0x2008'0024       0x60  ew_bsp_touch.o [2]
      .data               inited   0x2008'0084        0x4  port.o [8]
      .data               inited   0x2008'0088        0x4  system_MIMXRT595S_cm33.o [1]
      .data               inited   0x2008'008c       0x88  tasks.o [8]
      .data               inited   0x2008'0114        0x4  vg_lite.o [5]
      .data               inited   0x2008'0118       0x80  vg_lite.o [5]
      .data               inited   0x2008'0198       0x54  vg_lite_hal.o [1]
      .data               inited   0x2008'01ec       0x10  vglite_support.o [3]
      .data               inited   0x2008'01fc       0x14  ewstring.o [11]
      .data               inited   0x2008'0210       0xf0  ewgfx.o [10]
      .data               inited   0x2008'0300        0x4  ewgfx.o [10]
      .data               inited   0x2008'0304        0xc  ewheap.o [11]
      .data               inited   0x2008'0310       0x64  ewgfxcore.o [10]
      .data               inited   0x2008'0374        0x8  rand.o [9]
  P3-P5-1                          0x2008'037c      0x13c  <Init block>
    CodeQuickAccess       inited   0x2008'037c      0x13c  board.o [3]
                                 - 0x2008'04b8      0x4b8

"P3-P5", part 2 of 3:                           0x47'4558
  ZI                               0x2008'04c0  0x47'4558  <Block>
    .bss                  zero     0x2008'04c0  0x10'0000  vglite_support.o [3]
    .bss                  zero     0x2018'04c0        0xc  display_support.o [3]
    .bss                  zero     0x2018'04cc       0x24  display_support.o [3]
    .bss                  zero     0x2018'04f0        0xc  ew_bsp_clock.o [2]
    .bss                  zero     0x2018'04fc       0x60  ew_bsp_display.o [2]
    .bss                  zero     0x2018'055c        0x4  ew_bsp_event.o [2]
    .bss                  zero     0x2018'0560        0x4  ewextrte.o [7]
    .bss                  zero     0x2018'0564  0x36'b028  ewmain.o [1]
    .bss                  zero     0x204e'b58c        0x8  fsl_clock.o [4]
    .bss                  zero     0x204e'b594        0x4  fsl_clock.o [4]
    .bss                  zero     0x204e'b598       0x28  fsl_debug_console.o [4]
    .bss                  zero     0x204e'b5c0       0x44  fsl_flexcomm.o [4]
    .bss                  zero     0x204e'b604       0x44  fsl_flexcomm.o [4]
    .bss                  zero     0x204e'b648       0x18  fsl_flexio.o [4]
    .bss                  zero     0x204e'b660        0xc  fsl_flexspi.o [4]
    .bss                  zero     0x204e'b66c        0x8  fsl_mipi_dsi.o [4]
    .bss                  zero     0x204e'b674        0x8  fsl_smartdma.o [4]
    .bss                  zero     0x204e'b67c     0x8020  heap_4.o [8]
    .bss                  zero     0x204f'369c       0x40  queue.o [8]
    .bss                  zero     0x204f'36dc       0x80  tasks.o [8]
    .bss                  zero     0x204f'375c       0x38  timers.o [8]
    .bss                  zero     0x204f'3794        0x4  timers.o [8]
    .bss                  zero     0x204f'3798      0xd40  vg_lite.o [5]
    .bss                  zero     0x204f'44d8        0xc  vg_lite_kernel.o [5]
    .bss                  zero     0x204f'44e4       0x68  vg_lite_kernel.o [5]
    .bss                  zero     0x204f'454c       0x40  vg_lite_os.o [5]
    .bss                  zero     0x204f'458c        0x4  ewresource.o [11]
    .bss                  zero     0x204f'4590        0x8  ewresource.o [11]
    .bss                  zero     0x204f'4598       0x20  ewresource.o [11]
    .bss                  zero     0x204f'45b8        0x8  ewslot.o [11]
    .bss                  zero     0x204f'45c0        0xc  ewslot.o [11]
    .bss                  zero     0x204f'45cc       0x5c  ewobject.o [11]
    .bss                  zero     0x204f'4628        0x4  ewtimer.o [11]
    .bss                  zero     0x204f'462c        0x8  ewtimer.o [11]
    .bss                  zero     0x204f'4634        0x4  ewgfx.o [10]
    .bss                  zero     0x204f'4638       0x30  ewgfx.o [10]
    .bss                  zero     0x204f'4668        0x4  ewdebug.o [11]
    .bss                  zero     0x204f'466c       0x28  ewinvocations.o [11]
    .bss                  zero     0x204f'4694        0x8  ewgfxcore.o [10]
    .bss                  zero     0x204f'469c        0x8  ewgfxcore.o [10]
    .bss                  zero     0x204f'46a4        0x8  ewgfxcore.o [10]
    .bss                  zero     0x204f'46ac        0x8  ewgfxcore.o [10]
    .bss                  zero     0x204f'46b4        0x8  ewextpxl_RGB565.o [10]
    .bss                  zero     0x204f'46bc        0x8  ewextpxl_RGB565.o [10]
    .bss                  zero     0x204f'46c4        0x8  ewextpxl_RGB565.o [10]
    .bss                  zero     0x204f'46cc        0x8  ewextpxl_RGB565.o [10]
    .bss                  zero     0x204f'46d4        0x8  ewextpxl_RGB565.o [10]
    .bss                  zero     0x204f'46dc       0x34  ewgfxtasks.o [10]
    .bss                  zero     0x204f'4710       0x34  ewgfxtasks.o [10]
    .bss                  zero     0x204f'4744       0x34  ewgfxtasks.o [10]
    .bss                  zero     0x204f'4778        0xc  ewgfxtasks.o [10]
    .bss                  zero     0x204f'4784        0xc  ewextgfx.o [10]
    .bss                  zero     0x204f'4790       0x84  rand.o [9]
    .bss                  zero     0x204f'4814       0x18  dlmalloc.o [9]
    .bss                  zero     0x204f'482c      0x1d8  dlmalloc.o [9]
    .bss                  zero     0x204f'4a04        0x4  xgetmemchunk.o [9]
    .tbss                 zero     0x204f'4a08        0x4  errno.o [9]
    .bss                  zero     0x204f'4a0c        0x2  ewextgfx.o [10]
                                 - 0x204f'4a10  0x47'4558

"P3-P5", part 3 of 3:                                 0x8
  DataQuickAccess         zero     0x204f'4a10        0x8  fsl_power.o [4]
                                 - 0x204f'4a18        0x8

"P6":                                               0x200
  HEAP                             0x204f'4a18      0x200  <Block>
    HEAP                  uninit   0x204f'4a18      0x200  <Block tail>
                                 - 0x204f'4c18      0x200

"P7":                                              0x2000
  CSTACK                           0x204f'e000     0x2000  <Block>
    CSTACK                uninit   0x204f'e000     0x2000  <Block tail>
                                 - 0x2050'0000     0x2000

Unused ranges:

         From           To       Size
         ----           --       ----
   0x800'1168   0x800'117f       0x18
   0x804'007b   0x81f'ffff  0x1b'ff85
  0x204f'4c18  0x204f'dfff     0x93e8


*******************************************************************************
*** INIT TABLE
***

          Address      Size
          -------      ----
Zero (__iar_zero_init3)
    2 destination ranges, total size 0x47'4556:
          0x2008'04c0  0x47'454e
          0x204f'4a10        0x8

Copy/lz77 (__iar_lz77_init_single3)
    1 source range, total size 0x9e (17% of destination):
           0x803'fecc       0x9e
    1 destination range, total size 0x37c:
          0x2008'0000      0x37c

Copy/lz77 (__iar_lz77_init_single3)
    1 source range, total size 0x111 (86% of destination):
           0x803'ff6a      0x111
    1 destination range, total size 0x13c:
          0x2008'037c      0x13c



*******************************************************************************
*** MODULE SUMMARY
***

    Module                            ro code  rw code  ro data    rw data
    ------                            -------  -------  -------    -------
command line/config:
    ----------------------------------------------------------------------
    Total:

C:\WorkSpace\Documentation\SC1\NXP\SDKs\IMXRT595-EVK-VGLite\Application\Project\EWARM\IMXRT595-EVK-VGLite\Obj\Application: [1]
    DeviceDriver.o                          8
    ewmain.o                            1'940             2'520  3'584'040
    main.o                                 84
    startup_MIMXRT595S_cm33.o           1'018
    system_MIMXRT595S_cm33.o              842                            4
    vg_lite_hal.o                         760                15         84
    ----------------------------------------------------------------------
    Total:                              4'652             2'535  3'584'128

C:\WorkSpace\Documentation\SC1\NXP\SDKs\IMXRT595-EVK-VGLite\Application\Project\EWARM\IMXRT595-EVK-VGLite\Obj\Application\TargetSpecific: [2]
    ew_bsp_clock.o                        292                           12
    ew_bsp_console.o                        8
    ew_bsp_display.o                      372               212         96
    ew_bsp_event.o                         56                            4
    ew_bsp_os.o                           104
    ew_bsp_system.o                        94
    ew_bsp_touch.o                        494               145         96
    ----------------------------------------------------------------------
    Total:                              1'420               357        208

C:\WorkSpace\Documentation\SC1\NXP\SDKs\IMXRT595-EVK-VGLite\Application\Project\EWARM\IMXRT595-EVK-VGLite\Obj\Application\TargetSpecific\Drivers: [3]
    board.o                               660      316      529
    clock_config.o                        304
    display_support.o                     756                46         84
    flash_config.o                                          512
    pin_mux.o                             400
    vglite_support.o                      308                 2  1'048'592
    ----------------------------------------------------------------------
    Total:                              2'428      316    1'089  1'048'676

C:\WorkSpace\Documentation\SC1\NXP\SDKs\IMXRT595-EVK-VGLite\Application\Project\EWARM\IMXRT595-EVK-VGLite\Obj\Drivers: [4]
    dmb_sc1.o                             581                16
    fsl_adapter_usart.o                   216                56
    fsl_cache.o                           500
    fsl_clock.o                         5'704                           12
    fsl_common_arm.o                       48
    fsl_component_serial_manager.o        184
    fsl_component_serial_port_uart.o        8
    fsl_dc_fb_lcdif.o                     580                36
    fsl_debug_console.o                   236                           40
    fsl_fbdev.o                           472
    fsl_flexcomm.o                        960               140        136
    fsl_flexio.o                           42                           24
    fsl_flexspi.o                       1'816                           12
    fsl_ft3267.o                          194
    fsl_gpio.o                            340
    fsl_i2c.o                             676
    fsl_lcdif.o                           554
    fsl_mipi_dsi.o                      1'582                            8
    fsl_mipi_dsi_cmd.o                    214
    fsl_power.o                           104                            8
    fsl_reset.o                           228
    fsl_rtc.o                             134
    fsl_smartdma.o                         22                            8
    fsl_usart.o                           578
    fsl_video_common.o                     62
    ----------------------------------------------------------------------
    Total:                             16'035               248        248

C:\WorkSpace\Documentation\SC1\NXP\SDKs\IMXRT595-EVK-VGLite\Application\Project\EWARM\IMXRT595-EVK-VGLite\Obj\Drivers\vglite: [5]
    vg_lite.o                          16'514                24      3'524
    vg_lite_kernel.o                    1'628                          116
    vg_lite_os.o                          998                           64
    ----------------------------------------------------------------------
    Total:                             19'140                24      3'704

C:\WorkSpace\Documentation\SC1\NXP\SDKs\IMXRT595-EVK-VGLite\Application\Project\EWARM\IMXRT595-EVK-VGLite\Obj\EmbeddedWizard\GeneratedCode: [6]
    Application.o                       1'332            35'790
    Core.o                             20'872             2'260
    Effects.o                              78               124
    Graphics.o                          1'352               400
    Resources.o                           500               268
    Views.o                             4'624               372
    ----------------------------------------------------------------------
    Total:                             28'758            39'214

C:\WorkSpace\Documentation\SC1\NXP\SDKs\IMXRT595-EVK-VGLite\Application\Project\EWARM\IMXRT595-EVK-VGLite\Obj\EmbeddedWizard\RTE: [7]
    ewextrte.o                            192                            4
    ----------------------------------------------------------------------
    Total:                                192                            4

C:\WorkSpace\Documentation\SC1\NXP\SDKs\IMXRT595-EVK-VGLite\Application\Project\EWARM\IMXRT595-EVK-VGLite\Obj\FreeRTOS: [8]
    heap_4.o                              468                       32'800
    list.o                                146
    port.o                                388                 1          4
    portasm.o                             208
    queue.o                             2'126                           64
    tasks.o                             2'368                24        264
    timers.o                              920                           60
    ----------------------------------------------------------------------
    Total:                              6'624                25     33'192

dl7M_tln.a: [9]
    abort.o                                 6
    dlmalloc.o                          5'332                          496
    errno.o                                24                            4
    exit.o                                  4
    heaptramp0.o                            4
    low_level_init.o                        4
    rand.o                                164                 2        140
    tp_nothreads.o                          4
    xgetmemchunk.o                         44                            4
    ----------------------------------------------------------------------
    Total:                              5'586                 2        644

libewgfx-m33-iar.a: [10]
    ewextbmp_RGB565.o                   1'108
    ewextfnt.o                          2'116
    ewextgfx.o                          6'324             1'588         14
    ewextpxl_RGB565.o                  36'956                 4         40
    ewgfx.o                            13'870             3'715        296
    ewgfxattrtext.o                     1'958
    ewgfxbidi.o                         5'448             5'396
    ewgfxcore.o                         5'632               150        132
    ewgfxdriver.o                      10'914
    ewgfxtasks.o                       12'576             4'380        168
    ----------------------------------------------------------------------
    Total:                             96'902            15'233        650

libewrte-m33-iar.a: [11]
    ewcolor.o                              96
    ewdebug.o                           2'392               648          4
    ewheap.o                            2'556                 2         12
    ewinvocations.o                       764                           40
    ewobject.o                          1'808                64         92
    ewpoint.o                             130
    ewrect.o                              896
    ewresource.o                        1'356                           44
    ewscalars.o                            96
    ewslot.o                            1'320                           20
    ewstring.o                          3'284                44         20
    ewtimer.o                             916                           12
    ----------------------------------------------------------------------
    Total:                             15'614               758        244

m7M_tls.a: [12]
    DblToFlt.o                            104
    FltToDbl.o                             72
    fpinit_M.o                             34
    sqrtf.o                                30
    ----------------------------------------------------------------------
    Total:                                240

rt7M_tl.a: [13]
    ABImemclr4.o                            6
    ABImemcpy.o                           166
    ABImemmove.o                          150
    ABImemset.o                           102
    ABImemset48.o                          58
    I64DivMod.o                           560
    I64DivZer.o                             2
    cexit.o                                10
    cmain.o                                30
    cstartup_M.o                           28
    data_init.o                            40
    lz77_init_single.o                    126
    memcmp.o                              104
    memset.o                               20
    zero_init3.o                           56
    ----------------------------------------------------------------------
    Total:                              1'458

shb_l.a: [14]
    exit.o                                 20
    ----------------------------------------------------------------------
    Total:                                 20

    Gaps                                   39                 2
    Linker created                          8                56      8'704
--------------------------------------------------------------------------
    Grand Total:                      199'116      316   59'543  4'680'402


*******************************************************************************
*** ENTRY LIST
***

Entry                       Address       Size  Type      Object
-----                       -------       ----  ----      ------
.iar.init_table$$Base    0x803'fe94              --   Gb  - Linker created -
.iar.init_table$$Limit   0x803'fecc              --   Gb  - Linker created -
?main                    0x803'fe01             Code  Gb  cmain.o [13]
ACMP_DriverIRQHandler    0x803'fa6d             Code  Wk  startup_MIMXRT595S_cm33.o [1]
ACMP_IRQHandler          0x803'f8e9             Code  Wk  startup_MIMXRT595S_cm33.o [1]
ADC0_DriverIRQHandler    0x803'fa6d             Code  Wk  startup_MIMXRT595S_cm33.o [1]
ADC0_IRQHandler          0x803'f8d9             Code  Wk  startup_MIMXRT595S_cm33.o [1]
AddAutoObject            0x801'8461        0xc  Code  Lc  ewobject.o [11]
AddSignal                0x801'6bd1       0xc6  Code  Lc  ewslot.o [11]
AddTicks                 0x801'c831       0x26  Code  Lc  ewtimer.o [11]
AllocString              0x801'6223       0xb6  Code  Lc  ewstring.o [11]
AppRootObject           0x204f'45d4        0x4  Data  Lc  ewobject.o [11]
ApplicationApplication_Init
                         0x800'f9fd        0x2  Code  Gb  Application.o [6]
ApplicationApplication_OnTouch
                         0x800'fa01       0x98  Code  Gb  Application.o [6]
ApplicationApplication__Done
                         0x800'f9a3       0x4a  Code  Gb  Application.o [6]
ApplicationApplication__Init
                         0x800'f631      0x32e  Code  Gb  Application.o [6]
ApplicationApplication__ReInit
                         0x800'f95f       0x44  Code  Gb  Application.o [6]
ApplicationFontLarge     0x800'fb40        0xc  Data  Gb  Application.o [6]
ApplicationFontSmall     0x800'fb58        0xc  Data  Gb  Application.o [6]
ApplicationLogo          0x800'fb4c        0xc  Data  Gb  Application.o [6]
AutoObjects             0x204f'4624        0x4  Data  Lc  ewobject.o [11]
BOARD_BootClockRUN       0x803'e675       0xde  Code  Gb  clock_config.o [3]
BOARD_DSI_Transfer       0x803'b305        0x8  Code  Lc  display_support.o [3]
BOARD_DeinitFlash       0x2008'037d       0x2a  Code  Gb  board.o [3]
BOARD_FlexspiClockSafeConfig
                         0x803'dc27        0xa  Code  Gb  board.o [3]
BOARD_I2C_Receive        0x803'dc31       0x28  Code  Gb  board.o [3]
BOARD_InitBootPins       0x803'e88d       0x10  Code  Gb  pin_mux.o [3]
BOARD_InitDebugConsole   0x803'da2d       0x28  Code  Gb  board.o [3]
BOARD_InitDisplayInterface
                         0x803'b471       0x22  Code  Gb  display_support.o [3]
BOARD_InitFlash         0x2008'03a7       0x56  Code  Gb  board.o [3]
BOARD_InitLcdPanel       0x803'b3bd       0x48  Code  Lc  display_support.o [3]
BOARD_InitLcdPanel::displayConfig
                         0x803'b4cc       0x20  Data  Lc  display_support.o [3]
BOARD_InitLcdPanel::pinConfig
                         0x803'b4c8        0x2  Data  Lc  display_support.o [3]
BOARD_InitLcdifClock     0x803'b30d       0x4c  Code  Lc  display_support.o [3]
BOARD_InitMipiDsiClock   0x803'b359       0x64  Code  Lc  display_support.o [3]
BOARD_InitMipiPanelPins
                         0x803'e971       0x74  Code  Gb  pin_mux.o [3]
BOARD_InitPins           0x803'e9e5       0x2e  Code  Gb  pin_mux.o [3]
BOARD_InitPsRam          0x803'dadd      0x14a  Code  Gb  board.o [3]
BOARD_InitPsRamPins      0x803'e8bd       0xb4  Code  Gb  pin_mux.o [3]
BOARD_InitUARTPins       0x803'e89d       0x20  Code  Gb  pin_mux.o [3]
BOARD_InitVGliteClock    0x803'b185       0x50  Code  Lc  vglite_support.o [3]
BOARD_MIPIPanelTouch_I2C_Receive
                         0x803'dc59       0x18  Code  Gb  board.o [3]
BOARD_PrepareDisplayController
                         0x803'b49b       0x20  Code  Gb  display_support.o [3]
BOARD_PrepareVGLiteController
                         0x803'b1d5       0x1c  Code  Gb  vglite_support.o [3]
BOARD_PullPanelPowerPin
                         0x803'b2e1       0x24  Code  Lc  display_support.o [3]
BOARD_PullPanelResetPin
                         0x803'b2bd       0x24  Code  Lc  display_support.o [3]
BOARD_PullTouchPanelResetPin
                         0x803'ea1d       0x24  Code  Lc  ew_bsp_touch.o [2]
BOARD_SetFlexspiClock   0x2008'03fd       0xaa  Code  Gb  board.o [3]
BOARD_SetMipiDsiConfig   0x803'b405       0x48  Code  Lc  display_support.o [3]
BOARD_SetMipiDsiConfig::dpiConfig
                         0x803'b4ec       0x14  Data  Lc  display_support.o [3]
BOARD_TimeDelay          0x803'ea41        0xc  Code  Lc  ew_bsp_touch.o [2]
BOARD_Touch_Deinit       0x803'eaa3        0x6  Code  Gb  ew_bsp_touch.o [2]
BOARD_Touch_Init         0x803'ea4d       0x56  Code  Lc  ew_bsp_touch.o [2]
BOARD_Touch_Init::intPinConfig
                         0x803'ec00        0x2  Data  Lc  ew_bsp_touch.o [2]
BOARD_Touch_Init::resetPinConfig
                         0x803'ebfc        0x2  Data  Lc  ew_bsp_touch.o [2]
BlurWorkers              0x802'f87c       0x1c  Data  Lc  ewgfxtasks.o [10]
BusFault_Handler         0x801'dccb             Code  Wk  startup_MIMXRT595S_cm33.o [1]
CACHE64_CleanCacheByRange
                         0x803'87b5       0x5c  Code  Gb  fsl_cache.o [4]
CACHE64_GetDefaultConfig
                         0x803'873f       0x18  Code  Gb  fsl_cache.o [4]
CACHE64_GetInstance      0x803'86ad       0x18  Code  Gb  fsl_cache.o [4]
CACHE64_GetInstanceByAddr
                         0x803'86c5       0x26  Code  Gb  fsl_cache.o [4]
CACHE64_Init             0x803'86ed       0x52  Code  Gb  fsl_cache.o [4]
CACHE64_InvalidateCacheByRange
                         0x803'8759       0x5c  Code  Gb  fsl_cache.o [4]
CASPER_DriverIRQHandler
                         0x803'fa6d             Code  Wk  startup_MIMXRT595S_cm33.o [1]
CASPER_IRQHandler        0x803'f9f1             Code  Wk  startup_MIMXRT595S_cm33.o [1]
CLOCK_AttachClk          0x803'032f       0x58  Code  Gb  fsl_clock.o [4]
CLOCK_DisableClock       0x803'd245       0x5e  Code  Lc  fsl_lcdif.o [4]
CLOCK_EnableClock        0x803'b23d       0x5e  Code  Lc  display_support.o [3]
CLOCK_EnableClock        0x803'864d       0x5e  Code  Lc  fsl_cache.o [4]
CLOCK_EnableClock        0x803'd655       0x6a  Code  Lc  fsl_flexcomm.o [4]
CLOCK_EnableClock        0x803'dcb1       0x6a  Code  Lc  fsl_flexspi.o [4]
CLOCK_EnableClock        0x803'ca01       0x5e  Code  Lc  fsl_gpio.o [4]
CLOCK_EnableClock        0x803'd1e5       0x5e  Code  Lc  fsl_lcdif.o [4]
CLOCK_EnableClock        0x803'c3d1       0x6a  Code  Lc  fsl_mipi_dsi.o [4]
CLOCK_EnableClock        0x803'1911       0x5e  Code  Lc  fsl_rtc.o [4]
CLOCK_EnableClock        0x803'b109       0x5e  Code  Lc  vglite_support.o [3]
CLOCK_EnableFroClk       0x803'187d       0x16  Code  Gb  fsl_clock.o [4]
CLOCK_EnableLpOscClk     0x803'1899        0xc  Code  Gb  fsl_clock.o [4]
CLOCK_EnableSysOscClk    0x803'184d       0x2a  Code  Gb  fsl_clock.o [4]
CLOCK_GetAcmpClkFreq     0x803'10c9       0x90  Code  Gb  fsl_clock.o [4]
CLOCK_GetAdcClkFreq      0x803'08dd       0xac  Code  Gb  fsl_clock.o [4]
CLOCK_GetAudioPfdFreq    0x803'05c5       0x7a  Code  Gb  fsl_clock.o [4]
CLOCK_GetAudioPllClkFreq
                         0x803'063f       0x1a  Code  Lc  fsl_clock.o [4]
CLOCK_GetAudioPllFreq    0x803'0537       0x8e  Code  Gb  fsl_clock.o [4]
CLOCK_GetAux0PllClkFreq
                         0x803'0503       0x1a  Code  Lc  fsl_clock.o [4]
CLOCK_GetAux1PllClkFreq
                         0x803'051d       0x1a  Code  Lc  fsl_clock.o [4]
CLOCK_GetClockOutClkFreq
                         0x803'0989       0xd2  Code  Gb  fsl_clock.o [4]
CLOCK_GetDcPixelClkFreq
                         0x803'11f9       0x9c  Code  Gb  fsl_clock.o [4]
CLOCK_GetDmicClkFreq     0x803'1029       0x98  Code  Gb  fsl_clock.o [4]
CLOCK_GetDspMainClkFreq
                         0x803'0851       0x8a  Code  Gb  fsl_clock.o [4]
CLOCK_GetDspPllClkFreq   0x803'04e9       0x1a  Code  Lc  fsl_clock.o [4]
CLOCK_GetFRGClock        0x803'0a5b       0xd8  Code  Gb  fsl_clock.o [4]
CLOCK_GetFlexcommClkFreq
                         0x803'0b35       0x84  Code  Gb  fsl_clock.o [4]
CLOCK_GetFlexioClkFreq   0x803'0bb9       0x88  Code  Gb  fsl_clock.o [4]
CLOCK_GetFlexspiClkFreq
                         0x803'0c45       0xa2  Code  Gb  fsl_clock.o [4]
CLOCK_GetFreq            0x803'1431      0x1c4  Code  Gb  fsl_clock.o [4]
CLOCK_GetFroDivFreq      0x803'0659      0x16a  Code  Lc  fsl_clock.o [4]
CLOCK_GetGpuClkFreq      0x803'115d       0x96  Code  Gb  fsl_clock.o [4]
CLOCK_GetI3cClkFreq      0x803'0f6d       0x80  Code  Gb  fsl_clock.o [4]
CLOCK_GetLpOscFreq       0x803'02f5        0x6  Code  Lc  fsl_clock.o [4]
CLOCK_GetMainClkFreq     0x803'07c5       0x8a  Code  Gb  fsl_clock.o [4]
CLOCK_GetMainPllClkFreq
                         0x803'04cf       0x1a  Code  Lc  fsl_clock.o [4]
CLOCK_GetMclkClkFreq     0x803'0dad       0x84  Code  Gb  fsl_clock.o [4]
CLOCK_GetMclkInClkFreq   0x803'02ed        0x8  Code  Lc  fsl_clock.o [4]
CLOCK_GetMipiDphyClkFreq
                         0x803'1299       0x8e  Code  Gb  fsl_clock.o [4]
CLOCK_GetMipiDphyEscRxClkFreq
                         0x803'1331       0xe0  Code  Gb  fsl_clock.o [4]
CLOCK_GetMipiDphyEscTxClkFreq
                         0x803'1411       0x18  Code  Gb  fsl_clock.o [4]
CLOCK_GetOsc32KFreq      0x803'02fb        0xe  Code  Lc  fsl_clock.o [4]
CLOCK_GetSctClkFreq      0x803'0cfd       0x9a  Code  Gb  fsl_clock.o [4]
CLOCK_GetSdioClkFreq     0x803'0eb1       0xac  Code  Gb  fsl_clock.o [4]
CLOCK_GetSysPfdFreq      0x803'0455       0x7a  Code  Gb  fsl_clock.o [4]
CLOCK_GetSysPllFreq      0x803'03c3       0x8e  Code  Gb  fsl_clock.o [4]
CLOCK_GetSystickClkFreq
                         0x803'0e6d       0x3a  Code  Gb  fsl_clock.o [4]
CLOCK_GetUsbClkFreq      0x803'0fed       0x38  Code  Gb  fsl_clock.o [4]
CLOCK_GetWakeClk32KFreq
                         0x803'0309       0x26  Code  Lc  fsl_clock.o [4]
CLOCK_GetWdtClkFreq      0x803'0e35       0x32  Code  Gb  fsl_clock.o [4]
CLOCK_GetXtalInClkFreq   0x803'02c9       0x24  Code  Lc  fsl_clock.o [4]
CLOCK_InitAudioPfd       0x803'1815       0x38  Code  Gb  fsl_clock.o [4]
CLOCK_InitAudioPll       0x803'173d       0xce  Code  Gb  fsl_clock.o [4]
CLOCK_InitSysPfd         0x803'16f7       0x38  Code  Gb  fsl_clock.o [4]
CLOCK_InitSysPll         0x803'1629       0xce  Code  Gb  fsl_clock.o [4]
CLOCK_SetClkDiv          0x803'0387       0x3c  Code  Gb  fsl_clock.o [4]
CLOCK_SetFRGClock        0x803'15f5       0x30  Code  Gb  fsl_clock.o [4]
CLOCK_SetXtalFreq        0x803'e66d        0x6  Code  Lc  clock_config.o [3]
CSTACK$$Base            0x204f'e000              --   Gb  - Linker created -
CSTACK$$Limit           0x2050'0000              --   Gb  - Linker created -
CTIMER0_DriverIRQHandler
                         0x803'fa6d             Code  Wk  startup_MIMXRT595S_cm33.o [1]
CTIMER0_IRQHandler       0x803'f879             Code  Wk  startup_MIMXRT595S_cm33.o [1]
CTIMER1_DriverIRQHandler
                         0x803'fa6d             Code  Wk  startup_MIMXRT595S_cm33.o [1]
CTIMER1_IRQHandler       0x803'f881             Code  Wk  startup_MIMXRT595S_cm33.o [1]
CTIMER2_DriverIRQHandler
                         0x803'fa6d             Code  Wk  startup_MIMXRT595S_cm33.o [1]
CTIMER2_IRQHandler       0x803'f961             Code  Wk  startup_MIMXRT595S_cm33.o [1]
CTIMER3_DriverIRQHandler
                         0x803'fa6d             Code  Wk  startup_MIMXRT595S_cm33.o [1]
CTIMER3_IRQHandler       0x803'f891             Code  Wk  startup_MIMXRT595S_cm33.o [1]
CTIMER4_DriverIRQHandler
                         0x803'fa6d             Code  Wk  startup_MIMXRT595S_cm33.o [1]
CTIMER4_IRQHandler       0x803'f969             Code  Wk  startup_MIMXRT595S_cm33.o [1]
CacheBlock               0x801'603d       0x22  Code  Lc  ewstring.o [11]
CacheFirst              0x2008'0204        0x4  Data  Lc  ewstring.o [11]
CacheGlyph               0x801'ed47       0x4a  Code  Lc  ewgfxcore.o [10]
CacheItem                0x801'75dd       0x14  Code  Lc  ewresource.o [11]
CacheLast               0x2008'0208        0x4  Data  Lc  ewstring.o [11]
CacheSize               0x2008'020c        0x4  Data  Lc  ewstring.o [11]
CacheSurface             0x801'ec87       0x24  Code  Lc  ewgfxcore.o [10]
CleanSurfaceCache        0x801'f325       0xe2  Code  Lc  ewgfxcore.o [10]
ClearPendingObjects      0x802'8543       0x40  Code  Lc  ewextgfx.o [10]
ClearSignals             0x801'6cc7       0x20  Code  Lc  ewslot.o [11]
CmpTicks                 0x801'c85d       0x12  Code  Lc  ewtimer.o [11]
CompleteDrawTextTask     0x801'b137      0x134  Code  Lc  ewgfx.o [10]
CopyDrivers              0x800'cecc      0x104  Data  Lc  ewgfxtasks.o [10]
CopyFromQueue            0x803'f47d       0x2a  Code  Lc  ewinvocations.o [11]
CopyOnlyWorkers          0x802'f860       0x10  Data  Lc  ewgfxtasks.o [10]
CopySurface1             0x802'd621      0x12c  Code  Lc  ewgfxtasks.o [10]
CopySurface2             0x802'd755       0xc8  Code  Lc  ewgfxtasks.o [10]
CopyWorkers              0x800'cfd0      0x104  Data  Lc  ewgfxtasks.o [10]
CoreCursorEvent_InitializeDown
                         0x801'4015       0x7e  Code  Gb  Core.o [6]
CoreCursorEvent_InitializeHold
                         0x801'3f11       0x7c  Code  Gb  Core.o [6]
CoreCursorEvent_InitializeUp
                         0x801'3f8d       0x88  Code  Gb  Core.o [6]
CoreCursorEvent__Done    0x801'3f09        0x8  Code  Gb  Core.o [6]
CoreCursorEvent__Init    0x801'3ef5       0x12  Code  Gb  Core.o [6]
CoreCursorEvent__ReInit
                         0x801'3f07        0x2  Code  Gb  Core.o [6]
CoreCursorGrabEvent_InitializeDown
                         0x801'3ecd       0x28  Code  Gb  Core.o [6]
CoreCursorGrabEvent_InitializeUp
                         0x801'3ea5       0x28  Code  Gb  Core.o [6]
CoreCursorGrabEvent__Done
                         0x801'3e9d        0x8  Code  Gb  Core.o [6]
CoreCursorGrabEvent__Init
                         0x801'3e89       0x12  Code  Gb  Core.o [6]
CoreCursorGrabEvent__ReInit
                         0x801'3e9b        0x2  Code  Gb  Core.o [6]
CoreCursorHit_Initialize
                         0x801'4ad9       0x12  Code  Gb  Core.o [6]
CoreCursorHit__Done      0x801'4acd        0x8  Code  Gb  Core.o [6]
CoreCursorHit__Init      0x801'4ab3       0x16  Code  Gb  Core.o [6]
CoreCursorHit__ReInit    0x801'4ac9        0x4  Code  Gb  Core.o [6]
CoreDragEvent_Initialize
                         0x801'40b9       0x80  Code  Gb  Core.o [6]
CoreDragEvent__Done      0x801'40ad        0x8  Code  Gb  Core.o [6]
CoreDragEvent__Init      0x801'4093       0x18  Code  Gb  Core.o [6]
CoreDragEvent__ReInit    0x801'40ab        0x2  Code  Gb  Core.o [6]
CoreEvent_GetCurrentTime
                         0x801'3c5f        0x4  Code  Gb  Core.o [6]
CoreEvent_Init           0x801'3c53        0xc  Code  Gb  Core.o [6]
CoreEvent__Done          0x801'3c49        0xa  Code  Gb  Core.o [6]
CoreEvent__Init          0x801'3c29       0x1c  Code  Gb  Core.o [6]
CoreEvent__ReInit        0x801'3c45        0x4  Code  Gb  Core.o [6]
CoreGroup_Add            0x801'1749      0x136  Code  Gb  Core.o [6]
CoreGroup_AdjustDrawingArea
                         0x801'0c81      0x24e  Code  Gb  Core.o [6]
CoreGroup_BroadcastEvent
                         0x801'1537       0x6e  Code  Gb  Core.o [6]
CoreGroup_ChangeViewState
                         0x801'0ecf       0x58  Code  Gb  Core.o [6]
CoreGroup_CursorHitTest
                         0x801'0a01      0x270  Code  Gb  Core.o [6]
CoreGroup_DispatchEvent
                         0x801'14d7       0x5a  Code  Gb  Core.o [6]
CoreGroup_Draw           0x801'098d       0x74  Code  Gb  Core.o [6]
CoreGroup_DrawBackground
                         0x801'14d1        0x6  Code  Gb  Core.o [6]
CoreGroup_DrawForeground
                         0x801'14cb        0x6  Code  Gb  Core.o [6]
CoreGroup_FindSiblingView
                         0x801'16c1       0x86  Code  Gb  Core.o [6]
CoreGroup_Init           0x801'0989        0x4  Code  Gb  Core.o [6]
CoreGroup_InvalidateArea
                         0x801'15e1       0xb4  Code  Gb  Core.o [6]
CoreGroup_InvalidateViewState
                         0x801'15af       0x28  Code  Gb  Core.o [6]
CoreGroup_OnSetBounds    0x801'0f27       0xda  Code  Gb  Core.o [6]
CoreGroup_OnSetFocus     0x801'1441       0x7a  Code  Gb  Core.o [6]
CoreGroup_UpdateLayout   0x801'15ab        0x2  Code  Gb  Core.o [6]
CoreGroup_UpdateViewState
                         0x801'15ad        0x2  Code  Gb  Core.o [6]
CoreGroup__BroadcastEvent
                         0x801'15a5        0x6  Code  Gb  Core.o [6]
CoreGroup__DispatchEvent
                         0x801'1531        0x6  Code  Gb  Core.o [6]
CoreGroup__Done          0x801'0971        0x8  Code  Gb  Core.o [6]
CoreGroup__Init          0x801'094f       0x20  Code  Gb  Core.o [6]
CoreGroup__InvalidateArea
                         0x801'1695       0x2c  Code  Gb  Core.o [6]
CoreGroup__OnSetFocus    0x801'14c5        0x6  Code  Gb  Core.o [6]
CoreGroup__ReInit        0x801'096f        0x2  Code  Gb  Core.o [6]
CoreGroup_drawContent    0x801'102f      0x236  Code  Gb  Core.o [6]
CoreGroup_processKeyHandlers
                         0x801'1001       0x2e  Code  Gb  Core.o [6]
CoreGroup_recalculateLayout
                         0x801'1269      0x19a  Code  Gb  Core.o [6]
CoreGroup_updateComponent
                         0x801'1409       0x38  Code  Gb  Core.o [6]
CoreKeyEvent_Initialize
                         0x801'3d23       0x84  Code  Gb  Core.o [6]
CoreKeyEvent_Initialize2
                         0x801'3c85       0x9e  Code  Gb  Core.o [6]
CoreKeyEvent_IsCode      0x801'3da7       0xe2  Code  Gb  Core.o [6]
CoreKeyEvent__Done       0x801'3c7d        0x8  Code  Gb  Core.o [6]
[...]
                         0x803'8f37       0x3e  Code  Lc  timers.o [8]
prvIsQueueEmpty          0x803'be8b       0x18  Code  Lc  queue.o [8]
prvIsQueueFull           0x803'bea3       0x1e  Code  Lc  queue.o [8]
prvProcessExpiredTimer   0x803'8e27       0x5c  Code  Lc  timers.o [8]
prvProcessReceivedCommands
                         0x803'8f75       0xec  Code  Lc  timers.o [8]
prvProcessTimerOrBlockTask
                         0x803'8e99       0x5e  Code  Lc  timers.o [8]
prvResetNextTaskUnblockTime
                         0x803'0043       0x1c  Code  Lc  tasks.o [8]
prvSampleTimeNow         0x803'8f11       0x26  Code  Lc  timers.o [8]
prvSampleTimeNow::xLastTime
                        0x204f'3794        0x4  Data  Lc  timers.o [8]
prvSwitchTimerLists      0x803'9061       0x5e  Code  Lc  timers.o [8]
prvTaskExitError         0x803'8c31       0x22  Code  Lc  port.o [8]
prvTimerTask             0x803'8e85       0x14  Code  Lc  timers.o [8]
prvUnlockQueue           0x803'be1b       0x70  Code  Lc  queue.o [8]
push_call                0x803'5227      0x1b0  Code  Lc  vg_lite.o [5]
push_data                0x803'55e3      0x214  Code  Lc  vg_lite.o [5]
push_rectangle           0x803'53d7      0x20c  Code  Lc  vg_lite.o [5]
push_stall               0x803'57fd      0x1d8  Code  Lc  vg_lite.o [5]
push_state               0x803'4ebf      0x1b2  Code  Lc  vg_lite.o [5]
push_state_ptr           0x803'5075      0x1b2  Code  Lc  vg_lite.o [5]
push_states              0x803'4cb5      0x20a  Code  Lc  vg_lite.o [5]
push_states_to_context   0x803'4ac3       0x94  Code  Lc  vg_lite.o [5]
pvPortMalloc             0x803'88f9       0xda  Code  Gb  heap_4.o [8]
pvTaskGetThreadLocalStoragePointer
                         0x802'ff8f       0x1a  Code  Gb  tasks.o [8]
pvTaskIncrementMutexHeldCount
                         0x803'01cf       0x16  Code  Gb  tasks.o [8]
pxCurrentTCB            0x204f'3740        0x4  Data  Gb  tasks.o [8]
pxCurrentTimerList      0x204f'375c        0x4  Data  Lc  timers.o [8]
pxDelayedTaskList       0x2008'00b4        0x4  Data  Lc  tasks.o [8]
pxEnd                   0x204e'b684        0x4  Data  Lc  heap_4.o [8]
pxOverflowDelayedTaskList
                        0x2008'00b8        0x4  Data  Lc  tasks.o [8]
pxOverflowTimerList     0x204f'3760        0x4  Data  Lc  timers.o [8]
pxPortInitialiseStack    0x803'8ce5       0x6a  Code  Gb  port.o [8]
pxReadyTasksLists       0x204f'36dc       0x64  Data  Lc  tasks.o [8]
rand                     0x801'dd85       0x8a  Code  Gb  rand.o [9]
registerMemBase         0x2008'0198        0x4  Data  Lc  vg_lite_hal.o [1]
registerMemBase         0x2008'01ec        0x4  Data  Lc  vglite_support.o [3]
rgb_to_l                 0x803'45c5       0x4a  Code  Lc  vg_lite.o [5]
s_UsartAdapterBase       0x800'b304       0x38  Data  Lc  fsl_adapter_usart.o [4]
s_cache64Clocks          0x803'883c        0x4  Data  Lc  fsl_cache.o [4]
s_cache64PhymemBases     0x803'882c        0x8  Data  Lc  fsl_cache.o [4]
s_cache64PhymemSizes     0x803'8834        0x8  Data  Lc  fsl_cache.o [4]
s_cache64ctrlBases       0x803'881c        0x8  Data  Lc  fsl_cache.o [4]
s_cache64polselBases     0x803'8824        0x8  Data  Lc  fsl_cache.o [4]
s_dcFbLcdifConfig        0x800'a730       0x1c  Data  Lc  display_support.o [3]
s_dcFbLcdifHandle       0x2018'04cc       0x24  Data  Lc  display_support.o [3]
s_debugConsoleReadWaitSemaphore
                        0x204e'b598        0x1  Data  Lc  fsl_debug_console.o [4]
s_debugConsoleState     0x204e'b59c       0x20  Data  Lc  fsl_debug_console.o [4]
s_dsiClocks              0x803'c9fc        0x2  Data  Lc  fsl_mipi_dsi.o [4]
s_dsiHandle             0x204e'b66c        0x4  Data  Lc  fsl_mipi_dsi.o [4]
s_dsiIsr                0x204e'b670        0x4  Data  Lc  fsl_mipi_dsi.o [4]
s_flexcommBaseAddrs      0x800'b360       0x44  Data  Lc  fsl_flexcomm.o [4]
s_flexcommClocks         0x800'b3a4       0x24  Data  Lc  fsl_flexcomm.o [4]
s_flexcommHandle        0x204e'b604       0x44  Data  Lc  fsl_flexcomm.o [4]
s_flexcommIrqHandler    0x204e'b5c0       0x44  Data  Lc  fsl_flexcomm.o [4]
s_flexcommResets         0x800'b3c8       0x24  Data  Lc  fsl_flexcomm.o [4]
s_flexioHandle          0x204e'b648        0x8  Data  Lc  fsl_flexio.o [4]
s_flexioIsr             0x204e'b658        0x8  Data  Lc  fsl_flexio.o [4]
s_flexioType            0x204e'b650        0x8  Data  Lc  fsl_flexio.o [4]
s_flexspiBases           0x803'e3bc        0x8  Data  Lc  fsl_flexspi.o [4]
s_flexspiClock           0x803'e3c4        0x4  Data  Lc  fsl_flexspi.o [4]
s_flexspiHandle         0x204e'b660        0x8  Data  Lc  fsl_flexspi.o [4]
s_flexspiIsr            0x204e'b668        0x4  Data  Lc  fsl_flexspi.o [4]
s_gpioClockName          0x803'cb34       0x10  Data  Lc  fsl_gpio.o [4]
s_gpioResets             0x803'cb44       0x10  Data  Lc  fsl_gpio.o [4]
s_lcdifClocks            0x803'd40c        0x2  Data  Lc  fsl_lcdif.o [4]
s_lcdifPixelFormatMap    0x803'cfd0       0x10  Data  Lc  fsl_dc_fb_lcdif.o [4]
s_reference             0x204f'44dc        0x4  Data  Lc  vg_lite_kernel.o [5]
s_smartdmaCallback      0x204e'b674        0x4  Data  Lc  fsl_smartdma.o [4]
s_smartdmaCallbackParam
                        0x204e'b678        0x4  Data  Lc  fsl_smartdma.o [4]
segment_holding          0x803'9c05       0x1c  Code  Lc  dlmalloc.o [9]
semaphore               0x204f'4558       0x20  Data  Gb  vg_lite_os.o [5]
set_interpolation_steps
                         0x803'61c9      0x338  Code  Lc  vg_lite.o [5]
set_render_target        0x803'5e77      0x188  Code  Lc  vg_lite.o [5]
soft_reset               0x803'9af1       0x44  Code  Lc  vg_lite_kernel.o [5]
split_node               0x803'bfbd       0x3c  Code  Lc  vg_lite_hal.o [1]
sqrtf                    0x801'dd65             Code  Gb  sqrtf.o [12]
srand                    0x801'de0f        0xa  Code  Gb  rand.o [9]
stall                    0x803'5ba5       0x2e  Code  Lc  vg_lite.o [5]
submit                   0x803'5ac1       0xd0  Code  Lc  vg_lite.o [5]
task_num                0x204f'44e0        0x4  Data  Lc  vg_lite_kernel.o [5]
terminate_3rd            0x803'99e9        0x4  Code  Lc  vg_lite_kernel.o [5]
terminate_vglite         0x803'9945       0x98  Code  Lc  vg_lite_kernel.o [5]
transform                0x803'5dc5       0x8a  Code  Lc  vg_lite.o [5]
transform_bounding_box   0x803'6001      0x1be  Code  Lc  vg_lite.o [5]
ts_init                 0x204f'44d8        0x1  Data  Lc  vg_lite_kernel.o [5]
ts_initialize           0x204f'44e4       0x68  Data  Lc  vg_lite_kernel.o [5]
ucHeap                  0x204e'b69c     0x8000  Data  Lc  heap_4.o [8]
ulCriticalNesting       0x2008'0084        0x4  Data  Lc  port.o [8]
ulSetInterruptMask       0x803'8b19             Code  Gb  portasm.o [8]
update_context_buffer    0x803'4b57      0x13c  Code  Lc  vg_lite.o [5]
uxCurrentNumberOfTasks  0x204f'3744        0x4  Data  Lc  tasks.o [8]
uxDeletedTasksWaitingCleanUp
                        0x2008'00bc        0x4  Data  Lc  tasks.o [8]
uxListRemove             0x803'8c09       0x26  Code  Gb  list.o [8]
uxQueueMessagesWaiting   0x803'bd3b       0x1a  Code  Gb  queue.o [8]
uxSchedulerSuspended    0x204f'3758        0x4  Data  Lc  tasks.o [8]
uxTaskNumber            0x2008'00dc        0x4  Data  Lc  tasks.o [8]
uxTopReadyPriority      0x204f'374c        0x4  Data  Lc  tasks.o [8]
uxTopUsedPriority       0x2008'00e4        0x4  Data  Gb  tasks.o [8]
vClearInterruptMask      0x803'8b2f             Code  Gb  portasm.o [8]
vListInitialise          0x803'8b9d       0x1a  Code  Gb  list.o [8]
vListInitialiseItem      0x803'8bb7        0x6  Code  Gb  list.o [8]
vListInsert              0x803'8bd5       0x34  Code  Gb  list.o [8]
vListInsertEnd           0x803'8bbd       0x18  Code  Gb  list.o [8]
vPortEnterCritical       0x803'8c69       0x18  Code  Gb  port.o [8]
vPortExitCritical        0x803'8c81       0x28  Code  Gb  port.o [8]
vPortFree                0x803'89d3       0x58  Code  Gb  heap_4.o [8]
vPortSVCHandler_C        0x803'8ccb       0x1a  Code  Gb  port.o [8]
vPortSetupTimerInterrupt
                         0x803'b6e1       0x28  Code  Wk  port.o [8]
vPortYield               0x803'8c55       0x12  Code  Gb  port.o [8]
vQueueAddToRegistry      0x803'bec1       0x24  Code  Gb  queue.o [8]
vQueueDelete             0x803'bd55       0x1a  Code  Gb  queue.o [8]
vQueueUnregisterQueue    0x803'bee5       0x24  Code  Gb  queue.o [8]
vQueueWaitForMessageRestricted
                         0x803'bf0d       0x4a  Code  Gb  queue.o [8]
vRaisePrivilege          0x803'8af3             Code  Gb  portasm.o [8]
vRestoreContextOfFirstTask
                         0x803'8acd             Code  Gb  portasm.o [8]
vStartFirstTask          0x803'8b01             Code  Gb  portasm.o [8]
vTaskDelay               0x802'fbb1       0x38  Code  Gb  tasks.o [8]
vTaskDelete              0x802'fb2d       0x84  Code  Gb  tasks.o [8]
vTaskInternalSetTimeOutState
                         0x802'fed1       0x10  Code  Gb  tasks.o [8]
vTaskMissedYield         0x802'ff49        0xa  Code  Gb  tasks.o [8]
vTaskPlaceOnEventList    0x802'fe17       0x26  Code  Gb  tasks.o [8]
vTaskPlaceOnEventListRestricted
                         0x802'fe3d       0x30  Code  Gb  tasks.o [8]
vTaskPriorityDisinheritAfterTimeout
                         0x803'0161       0x6e  Code  Gb  tasks.o [8]
vTaskSetThreadLocalStoragePointer
                         0x802'ff6b       0x24  Code  Gb  tasks.o [8]
vTaskStartScheduler      0x802'fbe9       0x54  Code  Gb  tasks.o [8]
vTaskSuspendAll          0x802'fc45        0xc  Code  Gb  tasks.o [8]
vTaskSwitchContext       0x802'fdc7       0x50  Code  Gb  tasks.o [8]
vg_lite_IRQHandler       0x803'c165        0x4  Code  Gb  vg_lite_hal.o [1]
vg_lite_allocate         0x803'744b       0xe0  Code  Gb  vg_lite.o [5]
vg_lite_blit_rect        0x803'6643      0x448  Code  Gb  vg_lite.o [5]
vg_lite_bus_error_handler
                         0x803'c251        0x2  Code  Wk  vg_lite_os.o [5]
vg_lite_clear            0x803'651d      0x124  Code  Gb  vg_lite.o [5]
vg_lite_clear_grad       0x803'83e9       0x1e  Code  Gb  vg_lite.o [5]
vg_lite_clear_path       0x803'77bf       0xa0  Code  Gb  vg_lite.o [5]
vg_lite_close            0x803'7291       0x54  Code  Gb  vg_lite.o [5]
vg_lite_disable_premultiply
                         0x803'84b1       0x26  Code  Gb  vg_lite.o [5]
vg_lite_disable_scissor
                         0x803'8473       0x18  Code  Gb  vg_lite.o [5]
vg_lite_draw             0x803'6cc9      0x5c0  Code  Gb  vg_lite.o [5]
vg_lite_draw_gradient    0x803'840b       0x2c  Code  Gb  vg_lite.o [5]
vg_lite_draw_pattern     0x803'7925      0x8ac  Code  Gb  vg_lite.o [5]
vg_lite_enable_premultiply
                         0x803'848b       0x26  Code  Gb  vg_lite.o [5]
vg_lite_enable_scissor   0x803'845b       0x18  Code  Gb  vg_lite.o [5]
vg_lite_exit             0x803'c18b       0x38  Code  Lc  vg_lite_hal.o [1]
vg_lite_finish           0x803'76bf      0x100  Code  Gb  vg_lite.o [5]
vg_lite_free             0x803'752d       0xd4  Code  Gb  vg_lite.o [5]
vg_lite_get_grad_matrix
                         0x803'8407        0x4  Code  Gb  vg_lite.o [5]
vg_lite_get_product_info
                         0x803'7651       0x40  Code  Gb  vg_lite.o [5]
vg_lite_get_register     0x803'7629       0x1a  Code  Gb  vg_lite.o [5]
vg_lite_hal_allocate_contiguous
                         0x803'bff9       0x7a  Code  Gb  vg_lite_hal.o [1]
vg_lite_hal_barrier      0x803'bfa5        0x6  Code  Gb  vg_lite_hal.o [1]
vg_lite_hal_deinitialize
                         0x803'bfb9        0x4  Code  Gb  vg_lite_hal.o [1]
vg_lite_hal_delay        0x803'bf9f        0x4  Code  Gb  vg_lite_hal.o [1]
vg_lite_hal_free_contiguous
                         0x803'c073       0x98  Code  Gb  vg_lite_hal.o [1]
vg_lite_hal_free_os_heap
                         0x803'c10b       0x2a  Code  Gb  vg_lite_hal.o [1]
vg_lite_hal_initialize   0x803'bfab        0xe  Code  Gb  vg_lite_hal.o [1]
vg_lite_hal_map          0x803'c16d        0x4  Code  Gb  vg_lite_hal.o [1]
vg_lite_hal_peek         0x803'c135        0xc  Code  Gb  vg_lite_hal.o [1]
vg_lite_hal_poke         0x803'c141        0xc  Code  Gb  vg_lite_hal.o [1]
vg_lite_hal_query_mem    0x803'c14d       0x18  Code  Gb  vg_lite_hal.o [1]
vg_lite_hal_submit       0x803'c173        0xe  Code  Gb  vg_lite_hal.o [1]
vg_lite_hal_unmap        0x803'c171        0x2  Code  Gb  vg_lite_hal.o [1]
vg_lite_hal_wait         0x803'c181        0xa  Code  Gb  vg_lite_hal.o [1]
vg_lite_hal_wait_interrupt
                         0x803'c169        0x4  Code  Gb  vg_lite_hal.o [1]
vg_lite_init             0x803'6b7d      0x148  Code  Gb  vg_lite.o [5]
vg_lite_init             0x803'c1c3       0x84  Code  Lc  vg_lite_hal.o [1]
vg_lite_init_grad        0x803'8205       0x26  Code  Gb  vg_lite.o [5]
vg_lite_init_mem         0x803'bf59       0x10  Code  Gb  vg_lite_hal.o [1]
vg_lite_kernel           0x803'9b49       0x50  Code  Gb  vg_lite_kernel.o [5]
vg_lite_os_IRQHandler    0x803'93ff       0x34  Code  Gb  vg_lite_os.o [5]
vg_lite_os_deinitialize
                         0x803'92d1       0x18  Code  Gb  vg_lite_os.o [5]
vg_lite_os_delete_event
                         0x803'94b1       0x30  Code  Gb  vg_lite_os.o [5]
vg_lite_os_free          0x803'922d        0x4  Code  Gb  vg_lite_os.o [5]
vg_lite_os_get_tls       0x803'9221        0x8  Code  Gb  vg_lite_os.o [5]
vg_lite_os_init_event    0x803'9469       0x48  Code  Gb  vg_lite_os.o [5]
vg_lite_os_initialize    0x803'924d       0x84  Code  Gb  vg_lite_os.o [5]
vg_lite_os_initialize::task_number
                        0x204f'4588        0x4  Data  Lc  vg_lite_os.o [5]
vg_lite_os_lock          0x803'92e9       0x20  Code  Gb  vg_lite_os.o [5]
vg_lite_os_malloc        0x803'9229        0x4  Code  Gb  vg_lite_os.o [5]
vg_lite_os_query_context_switch
                         0x803'9509       0x14  Code  Gb  vg_lite_os.o [5]
vg_lite_os_reset_tls     0x803'9231        0xa  Code  Gb  vg_lite_os.o [5]
vg_lite_os_set_tls       0x803'9209       0x18  Code  Gb  vg_lite_os.o [5]
vg_lite_os_sleep         0x803'923b       0x12  Code  Gb  vg_lite_os.o [5]
vg_lite_os_submit        0x803'9325       0x8a  Code  Gb  vg_lite_os.o [5]
vg_lite_os_unlock        0x803'9309       0x1c  Code  Gb  vg_lite_os.o [5]
vg_lite_os_wait          0x803'93af       0x50  Code  Gb  vg_lite_os.o [5]
vg_lite_os_wait_event    0x803'94e1       0x28  Code  Gb  vg_lite_os.o [5]
vg_lite_os_wait_interrupt
                         0x803'9433       0x36  Code  Gb  vg_lite_os.o [5]
vg_lite_query_feature    0x803'769d       0x22  Code  Gb  vg_lite.o [5]
vg_lite_set_CLUT         0x803'785f       0xc6  Code  Gb  vg_lite.o [5]
vg_lite_set_grad         0x803'822d       0x62  Code  Gb  vg_lite.o [5]
vg_lite_set_scissor      0x803'8437       0x24  Code  Gb  vg_lite.o [5]
vg_lite_update_grad      0x803'828f      0x15a  Code  Gb  vg_lite.o [5]
vglite_heap_base        0x2008'01f4        0x4  Data  Gb  vglite_support.o [3]
vglite_heap_size        0x2008'01f8        0x4  Data  Gb  vglite_support.o [3]
xActiveTimerList1       0x204f'376c       0x14  Data  Lc  timers.o [8]
xActiveTimerList2       0x204f'3780       0x14  Data  Lc  timers.o [8]
xBlockAllocatedBit      0x204e'b698        0x4  Data  Lc  heap_4.o [8]
xDelayedTaskList1       0x2008'00e8       0x14  Data  Lc  tasks.o [8]
xDelayedTaskList2       0x2008'00fc       0x14  Data  Lc  tasks.o [8]
xFreeBytesRemaining     0x204e'b688        0x4  Data  Lc  heap_4.o [8]
xIdleTaskHandle         0x2008'0110        0x4  Data  Lc  tasks.o [8]
xMinimumEverFreeBytesRemaining
                        0x204e'b68c        0x4  Data  Lc  heap_4.o [8]
xNextTaskUnblockTime    0x2008'00e0        0x4  Data  Lc  tasks.o [8]
xNumOfOverflows         0x2008'00d8        0x4  Data  Lc  tasks.o [8]
xNumberOfSuccessfulAllocations
                        0x204e'b690        0x4  Data  Lc  heap_4.o [8]
xNumberOfSuccessfulFrees
                        0x204e'b694        0x4  Data  Lc  heap_4.o [8]
xPendedTicks            0x204f'3750        0x4  Data  Lc  tasks.o [8]
xPendingReadyList       0x2008'008c       0x14  Data  Lc  tasks.o [8]
xPortStartScheduler      0x803'8d4f       0x2e  Code  Gb  port.o [8]
xQueueCreateCountingSemaphore
                         0x803'b827       0x28  Code  Gb  queue.o [8]
xQueueCreateMutex        0x803'b811       0x16  Code  Gb  queue.o [8]
xQueueGenericCreate      0x803'b77f       0x5c  Code  Gb  queue.o [8]
xQueueGenericReset       0x803'b709       0x76  Code  Gb  queue.o [8]
xQueueGenericSend        0x803'b84f      0x13c  Code  Gb  queue.o [8]
xQueueGenericSendFromISR
                         0x803'b98b       0xb4  Code  Gb  queue.o [8]
xQueueGiveFromISR        0x803'ba3f       0x90  Code  Gb  queue.o [8]
xQueueReceive            0x803'bacf      0x11c  Code  Gb  queue.o [8]
xQueueRegistry          0x204f'369c       0x40  Data  Gb  queue.o [8]
xQueueSemaphoreTake      0x803'bbeb      0x150  Code  Gb  queue.o [8]
xSchedulerRunning       0x2008'00d4        0x4  Data  Lc  tasks.o [8]
xStart                  0x204e'b67c        0x8  Data  Lc  heap_4.o [8]
xSuspendedTaskList      0x2008'00c0       0x14  Data  Lc  tasks.o [8]
xTaskCheckForTimeOut     0x802'fee1       0x68  Code  Gb  tasks.o [8]
xTaskCreate              0x802'f989       0x64  Code  Gb  tasks.o [8]
xTaskGenericNotifyWait   0x803'01e5       0x80  Code  Gb  tasks.o [8]
xTaskGetCurrentTaskHandle
                         0x803'0065        0x8  Code  Gb  tasks.o [8]
xTaskGetSchedulerState   0x803'006d       0x1e  Code  Gb  tasks.o [8]
xTaskGetTickCount        0x802'fcf7        0x8  Code  Gb  tasks.o [8]
xTaskIncrementTick       0x802'fcff       0xc8  Code  Gb  tasks.o [8]
xTaskPriorityDisinherit
                         0x803'00fd       0x64  Code  Gb  tasks.o [8]
xTaskPriorityInherit     0x803'0091       0x6c  Code  Gb  tasks.o [8]
xTaskRemoveFromEventList
                         0x802'fe6d       0x64  Code  Gb  tasks.o [8]
xTaskResumeAll           0x802'fc51       0xa6  Code  Gb  tasks.o [8]
xTasksWaitingTermination
                        0x2008'00a0       0x14  Data  Lc  tasks.o [8]
xTickCount              0x204f'3748        0x4  Data  Lc  tasks.o [8]
xTimerCreateTimerTask    0x803'8d8d       0x3e  Code  Gb  timers.o [8]
xTimerGenericCommand     0x803'8dcb       0x5c  Code  Gb  timers.o [8]
xTimerQueue             0x204f'3764        0x4  Data  Lc  timers.o [8]
xTimerTaskHandle        0x204f'3768        0x4  Data  Lc  timers.o [8]
xYieldPending           0x204f'3754        0x4  Data  Lc  tasks.o [8]


[1] = C:\WorkSpace\Documentation\SC1\NXP\SDKs\IMXRT595-EVK-VGLite\Application\Project\EWARM\IMXRT595-EVK-VGLite\Obj\Application
[2] = C:\WorkSpace\Documentation\SC1\NXP\SDKs\IMXRT595-EVK-VGLite\Application\Project\EWARM\IMXRT595-EVK-VGLite\Obj\Application\TargetSpecific
[3] = C:\WorkSpace\Documentation\SC1\NXP\SDKs\IMXRT595-EVK-VGLite\Application\Project\EWARM\IMXRT595-EVK-VGLite\Obj\Application\TargetSpecific\Drivers
[4] = C:\WorkSpace\Documentation\SC1\NXP\SDKs\IMXRT595-EVK-VGLite\Application\Project\EWARM\IMXRT595-EVK-VGLite\Obj\Drivers
[5] = C:\WorkSpace\Documentation\SC1\NXP\SDKs\IMXRT595-EVK-VGLite\Application\Project\EWARM\IMXRT595-EVK-VGLite\Obj\Drivers\vglite
[6] = C:\WorkSpace\Documentation\SC1\NXP\SDKs\IMXRT595-EVK-VGLite\Application\Project\EWARM\IMXRT595-EVK-VGLite\Obj\EmbeddedWizard\GeneratedCode
[7] = C:\WorkSpace\Documentation\SC1\NXP\SDKs\IMXRT595-EVK-VGLite\Application\Project\EWARM\IMXRT595-EVK-VGLite\Obj\EmbeddedWizard\RTE
[8] = C:\WorkSpace\Documentation\SC1\NXP\SDKs\IMXRT595-EVK-VGLite\Application\Project\EWARM\IMXRT595-EVK-VGLite\Obj\FreeRTOS
[9] = dl7M_tln.a
[10] = libewgfx-m33-iar.a
[11] = libewrte-m33-iar.a
[12] = m7M_tls.a
[13] = rt7M_tl.a
[14] = shb_l.a

    199'116 bytes of readonly  code memory
        316 bytes of readwrite code memory
     59'543 bytes of readonly  data memory
  4'680'402 bytes of readwrite data memory

Errors: none
Warnings: none
